Archive member included to satisfy reference by file (symbol)

c:/st/stm32cubeide_1.9.0/stm32cubeide/plugins/com.st.stm32cube.ide.mcu.externaltools.gnu-tools-for-stm32.10.3-2021.10.win32_1.0.0.202111181127/tools/bin/../lib/gcc/arm-none-eabi/10.3.1/../../../../arm-none-eabi/lib/thumb/v7-m/nofp\libc_nano.a(lib_a-errno.o)
                              ./Core/Src/syscalls.o (__errno)
c:/st/stm32cubeide_1.9.0/stm32cubeide/plugins/com.st.stm32cube.ide.mcu.externaltools.gnu-tools-for-stm32.10.3-2021.10.win32_1.0.0.202111181127/tools/bin/../lib/gcc/arm-none-eabi/10.3.1/../../../../arm-none-eabi/lib/thumb/v7-m/nofp\libc_nano.a(lib_a-exit.o)
                              c:/st/stm32cubeide_1.9.0/stm32cubeide/plugins/com.st.stm32cube.ide.mcu.externaltools.gnu-tools-for-stm32.10.3-2021.10.win32_1.0.0.202111181127/tools/bin/../lib/gcc/arm-none-eabi/10.3.1/../../../../arm-none-eabi/lib/thumb/v7-m/nofp/crt0.o (exit)
c:/st/stm32cubeide_1.9.0/stm32cubeide/plugins/com.st.stm32cube.ide.mcu.externaltools.gnu-tools-for-stm32.10.3-2021.10.win32_1.0.0.202111181127/tools/bin/../lib/gcc/arm-none-eabi/10.3.1/../../../../arm-none-eabi/lib/thumb/v7-m/nofp\libc_nano.a(lib_a-impure.o)
                              c:/st/stm32cubeide_1.9.0/stm32cubeide/plugins/com.st.stm32cube.ide.mcu.externaltools.gnu-tools-for-stm32.10.3-2021.10.win32_1.0.0.202111181127/tools/bin/../lib/gcc/arm-none-eabi/10.3.1/../../../../arm-none-eabi/lib/thumb/v7-m/nofp\libc_nano.a(lib_a-exit.o) (_global_impure_ptr)
c:/st/stm32cubeide_1.9.0/stm32cubeide/plugins/com.st.stm32cube.ide.mcu.externaltools.gnu-tools-for-stm32.10.3-2021.10.win32_1.0.0.202111181127/tools/bin/../lib/gcc/arm-none-eabi/10.3.1/../../../../arm-none-eabi/lib/thumb/v7-m/nofp\libc_nano.a(lib_a-init.o)
                              c:/st/stm32cubeide_1.9.0/stm32cubeide/plugins/com.st.stm32cube.ide.mcu.externaltools.gnu-tools-for-stm32.10.3-2021.10.win32_1.0.0.202111181127/tools/bin/../lib/gcc/arm-none-eabi/10.3.1/../../../../arm-none-eabi/lib/thumb/v7-m/nofp/crt0.o (__libc_init_array)
c:/st/stm32cubeide_1.9.0/stm32cubeide/plugins/com.st.stm32cube.ide.mcu.externaltools.gnu-tools-for-stm32.10.3-2021.10.win32_1.0.0.202111181127/tools/bin/../lib/gcc/arm-none-eabi/10.3.1/../../../../arm-none-eabi/lib/thumb/v7-m/nofp\libc_nano.a(lib_a-memset.o)
                              c:/st/stm32cubeide_1.9.0/stm32cubeide/plugins/com.st.stm32cube.ide.mcu.externaltools.gnu-tools-for-stm32.10.3-2021.10.win32_1.0.0.202111181127/tools/bin/../lib/gcc/arm-none-eabi/10.3.1/../../../../arm-none-eabi/lib/thumb/v7-m/nofp/crt0.o (memset)
c:/st/stm32cubeide_1.9.0/stm32cubeide/plugins/com.st.stm32cube.ide.mcu.externaltools.gnu-tools-for-stm32.10.3-2021.10.win32_1.0.0.202111181127/tools/bin/../lib/gcc/arm-none-eabi/10.3.1/../../../../arm-none-eabi/lib/thumb/v7-m/nofp\libc_nano.a(lib_a-sprintf.o)
                              ./Core/Src/main.o (sprintf)
c:/st/stm32cubeide_1.9.0/stm32cubeide/plugins/com.st.stm32cube.ide.mcu.externaltools.gnu-tools-for-stm32.10.3-2021.10.win32_1.0.0.202111181127/tools/bin/../lib/gcc/arm-none-eabi/10.3.1/../../../../arm-none-eabi/lib/thumb/v7-m/nofp\libc_nano.a(lib_a-strlen.o)
                              ./Core/Src/main.o (strlen)
c:/st/stm32cubeide_1.9.0/stm32cubeide/plugins/com.st.stm32cube.ide.mcu.externaltools.gnu-tools-for-stm32.10.3-2021.10.win32_1.0.0.202111181127/tools/bin/../lib/gcc/arm-none-eabi/10.3.1/../../../../arm-none-eabi/lib/thumb/v7-m/nofp\libc_nano.a(lib_a-nano-svfprintf.o)
                              c:/st/stm32cubeide_1.9.0/stm32cubeide/plugins/com.st.stm32cube.ide.mcu.externaltools.gnu-tools-for-stm32.10.3-2021.10.win32_1.0.0.202111181127/tools/bin/../lib/gcc/arm-none-eabi/10.3.1/../../../../arm-none-eabi/lib/thumb/v7-m/nofp\libc_nano.a(lib_a-sprintf.o) (_svfprintf_r)
c:/st/stm32cubeide_1.9.0/stm32cubeide/plugins/com.st.stm32cube.ide.mcu.externaltools.gnu-tools-for-stm32.10.3-2021.10.win32_1.0.0.202111181127/tools/bin/../lib/gcc/arm-none-eabi/10.3.1/../../../../arm-none-eabi/lib/thumb/v7-m/nofp\libc_nano.a(lib_a-nano-vfprintf_i.o)
                              c:/st/stm32cubeide_1.9.0/stm32cubeide/plugins/com.st.stm32cube.ide.mcu.externaltools.gnu-tools-for-stm32.10.3-2021.10.win32_1.0.0.202111181127/tools/bin/../lib/gcc/arm-none-eabi/10.3.1/../../../../arm-none-eabi/lib/thumb/v7-m/nofp\libc_nano.a(lib_a-nano-svfprintf.o) (_printf_i)
c:/st/stm32cubeide_1.9.0/stm32cubeide/plugins/com.st.stm32cube.ide.mcu.externaltools.gnu-tools-for-stm32.10.3-2021.10.win32_1.0.0.202111181127/tools/bin/../lib/gcc/arm-none-eabi/10.3.1/../../../../arm-none-eabi/lib/thumb/v7-m/nofp\libc_nano.a(lib_a-memchr-stub.o)
                              c:/st/stm32cubeide_1.9.0/stm32cubeide/plugins/com.st.stm32cube.ide.mcu.externaltools.gnu-tools-for-stm32.10.3-2021.10.win32_1.0.0.202111181127/tools/bin/../lib/gcc/arm-none-eabi/10.3.1/../../../../arm-none-eabi/lib/thumb/v7-m/nofp\libc_nano.a(lib_a-nano-svfprintf.o) (memchr)
[...]
Memory Configuration

Name             Origin             Length             Attributes
RAM              0x0000000020000000 0x0000000000005000 xrw
FLASH            0x0000000008000000 0x0000000000010000 xr
*default*        0x0000000000000000 0xffffffffffffffff

Linker script and memory map

LOAD c:/st/stm32cubeide_1.9.0/stm32cubeide/plugins/com.st.stm32cube.ide.mcu.externaltools.gnu-tools-for-stm32.10.3-2021.10.win32_1.0.0.202111181127/tools/bin/../lib/gcc/arm-none-eabi/10.3.1/thumb/v7-m/nofp/crti.o
LOAD c:/st/stm32cubeide_1.9.0/stm32cubeide/plugins/com.st.stm32cube.ide.mcu.externaltools.gnu-tools-for-stm32.10.3-2021.10.win32_1.0.0.202111181127/tools/bin/../lib/gcc/arm-none-eabi/10.3.1/thumb/v7-m/nofp/crtbegin.o
LOAD c:/st/stm32cubeide_1.9.0/stm32cubeide/plugins/com.st.stm32cube.ide.mcu.externaltools.gnu-tools-for-stm32.10.3-2021.10.win32_1.0.0.202111181127/tools/bin/../lib/gcc/arm-none-eabi/10.3.1/../../../../arm-none-eabi/lib/thumb/v7-m/nofp/crt0.o
LOAD ./Core/Src/fatfs_sd.o
LOAD ./Core/Src/main.o
LOAD ./Core/Src/stm32f1xx_hal_msp.o
LOAD ./Core/Src/stm32f1xx_it.o
LOAD ./Core/Src/syscalls.o
LOAD ./Core/Src/sysmem.o
LOAD ./Core/Src/system_stm32f1xx.o
LOAD ./Core/Startup/startup_stm32f103c8tx.o
LOAD ./Drivers/STM32F1xx_HAL_Driver/Src/stm32f1xx_hal.o
LOAD ./Drivers/STM32F1xx_HAL_Driver/Src/stm32f1xx_hal_cortex.o
LOAD ./Drivers/STM32F1xx_HAL_Driver/Src/stm32f1xx_hal_dma.o
LOAD ./Drivers/STM32F1xx_HAL_Driver/Src/stm32f1xx_hal_exti.o
LOAD ./Drivers/STM32F1xx_HAL_Driver/Src/stm32f1xx_hal_flash.o
LOAD ./Drivers/STM32F1xx_HAL_Driver/Src/stm32f1xx_hal_flash_ex.o
LOAD ./Drivers/STM32F1xx_HAL_Driver/Src/stm32f1xx_hal_gpio.o
LOAD ./Drivers/STM32F1xx_HAL_Driver/Src/stm32f1xx_hal_gpio_ex.o
LOAD ./Drivers/STM32F1xx_HAL_Driver/Src/stm32f1xx_hal_pwr.o
LOAD ./Drivers/STM32F1xx_HAL_Driver/Src/stm32f1xx_hal_rcc.o
LOAD ./Drivers/STM32F1xx_HAL_Driver/Src/stm32f1xx_hal_rcc_ex.o
LOAD ./Drivers/STM32F1xx_HAL_Driver/Src/stm32f1xx_hal_spi.o
LOAD ./Drivers/STM32F1xx_HAL_Driver/Src/stm32f1xx_hal_tim.o
LOAD ./Drivers/STM32F1xx_HAL_Driver/Src/stm32f1xx_hal_tim_ex.o
LOAD ./Drivers/STM32F1xx_HAL_Driver/Src/stm32f1xx_hal_uart.o
LOAD ./FATFS/App/fatfs.o
LOAD ./FATFS/Target/user_diskio.o
LOAD ./Middlewares/Third_Party/FatFs/src/diskio.o
LOAD ./Middlewares/Third_Party/FatFs/src/ff.o
LOAD ./Middlewares/Third_Party/FatFs/src/ff_gen_drv.o
LOAD ./Middlewares/Third_Party/FatFs/src/option/ccsbcs.o
LOAD ./Middlewares/Third_Party/FatFs/src/option/syscall.o
START GROUP
LOAD c:/st/stm32cubeide_1.9.0/stm32cubeide/plugins/com.st.stm32cube.ide.mcu.externaltools.gnu-tools-for-stm32.10.3-2021.10.win32_1.0.0.202111181127/tools/bin/../lib/gcc/arm-none-eabi/10.3.1/../../../../arm-none-eabi/lib/thumb/v7-m/nofp\libc_nano.a
LOAD c:/st/stm32cubeide_1.9.0/stm32cubeide/plugins/com.st.stm32cube.ide.mcu.externaltools.gnu-tools-for-stm32.10.3-2021.10.win32_1.0.0.202111181127/tools/bin/../lib/gcc/arm-none-eabi/10.3.1/../../../../arm-none-eabi/lib/thumb/v7-m/nofp\libm.a
END GROUP
START GROUP
LOAD c:/st/stm32cubeide_1.9.0/stm32cubeide/plugins/com.st.stm32cube.ide.mcu.externaltools.gnu-tools-for-stm32.10.3-2021.10.win32_1.0.0.202111181127/tools/bin/../lib/gcc/arm-none-eabi/10.3.1/thumb/v7-m/nofp\libgcc.a
LOAD c:/st/stm32cubeide_1.9.0/stm32cubeide/plugins/com.st.stm32cube.ide.mcu.externaltools.gnu-tools-for-stm32.10.3-2021.10.win32_1.0.0.202111181127/tools/bin/../lib/gcc/arm-none-eabi/10.3.1/../../../../arm-none-eabi/lib/thumb/v7-m/nofp\libc_nano.a
END GROUP
START GROUP
LOAD c:/st/stm32cubeide_1.9.0/stm32cubeide/plugins/com.st.stm32cube.ide.mcu.externaltools.gnu-tools-for-stm32.10.3-2021.10.win32_1.0.0.202111181127/tools/bin/../lib/gcc/arm-none-eabi/10.3.1/thumb/v7-m/nofp\libgcc.a
LOAD c:/st/stm32cubeide_1.9.0/stm32cubeide/plugins/com.st.stm32cube.ide.mcu.externaltools.gnu-tools-for-stm32.10.3-2021.10.win32_1.0.0.202111181127/tools/bin/../lib/gcc/arm-none-eabi/10.3.1/../../../../arm-none-eabi/lib/thumb/v7-m/nofp\libc_nano.a
LOAD c:/st/stm32cubeide_1.9.0/stm32cubeide/plugins/com.st.stm32cube.ide.mcu.externaltools.gnu-tools-for-stm32.10.3-2021.10.win32_1.0.0.202111181127/tools/bin/../lib/gcc/arm-none-eabi/10.3.1/../../../../arm-none-eabi/lib/thumb/v7-m/nofp\libnosys.a
END GROUP
START GROUP
LOAD c:/st/stm32cubeide_1.9.0/stm32cubeide/plugins/com.st.stm32cube.ide.mcu.externaltools.gnu-tools-for-stm32.10.3-2021.10.win32_1.0.0.202111181127/tools/bin/../lib/gcc/arm-none-eabi/10.3.1/thumb/v7-m/nofp\libgcc.a
LOAD c:/st/stm32cubeide_1.9.0/stm32cubeide/plugins/com.st.stm32cube.ide.mcu.externaltools.gnu-tools-for-stm32.10.3-2021.10.win32_1.0.0.202111181127/tools/bin/../lib/gcc/arm-none-eabi/10.3.1/../../../../arm-none-eabi/lib/thumb/v7-m/nofp\libc_nano.a
LOAD c:/st/stm32cubeide_1.9.0/stm32cubeide/plugins/com.st.stm32cube.ide.mcu.externaltools.gnu-tools-for-stm32.10.3-2021.10.win32_1.0.0.202111181127/tools/bin/../lib/gcc/arm-none-eabi/10.3.1/../../../../arm-none-eabi/lib/thumb/v7-m/nofp\libnosys.a
END GROUP
LOAD c:/st/stm32cubeide_1.9.0/stm32cubeide/plugins/com.st.stm32cube.ide.mcu.externaltools.gnu-tools-for-stm32.10.3-2021.10.win32_1.0.0.202111181127/tools/bin/../lib/gcc/arm-none-eabi/10.3.1/thumb/v7-m/nofp/crtend.o
LOAD c:/st/stm32cubeide_1.9.0/stm32cubeide/plugins/com.st.stm32cube.ide.mcu.externaltools.gnu-tools-for-stm32.10.3-2021.10.win32_1.0.0.202111181127/tools/bin/../lib/gcc/arm-none-eabi/10.3.1/thumb/v7-m/nofp/crtn.o
                0x0000000020005000                _estack = (ORIGIN (RAM) + LENGTH (RAM))
                0x0000000000000200                _Min_Heap_Size = 0x200
                0x0000000000000400                _Min_Stack_Size = 0x400

.isr_vector     0x0000000008000000      0x10c
                0x0000000008000000                . = ALIGN (0x4)
 *(.isr_vector)
 .isr_vector    0x0000000008000000      0x10c ./Core/Startup/startup_stm32f103c8tx.o
                0x0000000008000000                g_pfnVectors
                0x000000000800010c                . = ALIGN (0x4)

.text           0x000000000800010c     0x6e20
                0x000000000800010c                . = ALIGN (0x4)
 *(.text)
 .text          0x000000000800010c       0x40 c:/st/stm32cubeide_1.9.0/stm32cubeide/plugins/com.st.stm32cube.ide.mcu.externaltools.gnu-tools-for-stm32.10.3-2021.10.win32_1.0.0.202111181127/tools/bin/../lib/gcc/arm-none-eabi/10.3.1/thumb/v7-m/nofp/crtbegin.o
 .text          0x000000000800014c       0x10 c:/st/stm32cubeide_1.9.0/stm32cubeide/plugins/com.st.stm32cube.ide.mcu.externaltools.gnu-tools-for-stm32.10.3-2021.10.win32_1.0.0.202111181127/tools/bin/../lib/gcc/arm-none-eabi/10.3.1/../../../../arm-none-eabi/lib/thumb/v7-m/nofp\libc_nano.a(lib_a-strlen.o)
                0x000000000800014c                strlen
 .text          0x000000000800015c      0x254 c:/st/stm32cubeide_1.9.0/stm32cubeide/plugins/com.st.stm32cube.ide.mcu.externaltools.gnu-tools-for-stm32.10.3-2021.10.win32_1.0.0.202111181127/tools/bin/../lib/gcc/arm-none-eabi/10.3.1/thumb/v7-m/nofp\libgcc.a(_arm_muldf3.o)
                0x000000000800015c                __muldf3
                0x000000000800015c                __aeabi_dmul
 .text          0x00000000080003b0      0x378 c:/st/stm32cubeide_1.9.0/stm32cubeide/plugins/com.st.stm32cube.ide.mcu.externaltools.gnu-tools-for-stm32.10.3-2021.10.win32_1.0.0.202111181127/tools/bin/../lib/gcc/arm-none-eabi/10.3.1/thumb/v7-m/nofp\libgcc.a(_arm_addsubdf3.o)
                0x00000000080003b0                __aeabi_drsub
                0x00000000080003b8                __aeabi_dsub
                0x00000000080003b8                __subdf3
                0x00000000080003bc                __aeabi_dadd
                0x00000000080003bc                __adddf3
                0x0000000008000634                __floatunsidf
                0x0000000008000634                __aeabi_ui2d
                0x0000000008000654                __floatsidf
                0x0000000008000654                __aeabi_i2d
                0x0000000008000678                __aeabi_f2d
                0x0000000008000678                __extendsfdf2
                0x00000000080006bc                __floatundidf
                0x00000000080006bc                __aeabi_ul2d
                0x00000000080006cc                __floatdidf
                0x00000000080006cc                __aeabi_l2d
 .text          0x0000000008000728       0x40 c:/st/stm32cubeide_1.9.0/stm32cubeide/plugins/com.st.stm32cube.ide.mcu.externaltools.gnu-tools-for-stm32.10.3-2021.10.win32_1.0.0.202111181127/tools/bin/../lib/gcc/arm-none-eabi/10.3.1/thumb/v7-m/nofp\libgcc.a(_arm_fixunsdfsi.o)
                0x0000000008000728                __aeabi_d2uiz
                0x0000000008000728                __fixunsdfsi
 *(.text*)
 .text.SD_disk_initialize
                0x0000000008000768      0x1d4 ./Core/Src/fatfs_sd.o
                0x0000000008000768                SD_disk_initialize
 .text.SD_disk_status
                0x000000000800093c       0x28 ./Core/Src/fatfs_sd.o
                0x000000000800093c                SD_disk_status
 .text.SD_disk_read
                0x0000000008000964       0xd4 ./Core/Src/fatfs_sd.o
                0x0000000008000964                SD_disk_read
 .text.SD_disk_write
                0x0000000008000a38      0x108 ./Core/Src/fatfs_sd.o
                0x0000000008000a38                SD_disk_write
 .text.SD_disk_ioctl
                0x0000000008000b40      0x264 ./Core/Src/fatfs_sd.o
                0x0000000008000b40                SD_disk_ioctl
 .text.SELECT   0x0000000008000da4       0x18 ./Core/Src/fatfs_sd.o
 .text.DESELECT
                0x0000000008000dbc       0x18 ./Core/Src/fatfs_sd.o
 .text.SPI_TxByte
                0x0000000008000dd4       0x30 ./Core/Src/fatfs_sd.o
 .text.SPI_RxByte
                0x0000000008000e04       0x3c ./Core/Src/fatfs_sd.o
 .text.SPI_RxBytePtr
                0x0000000008000e40       0x1c ./Core/Src/fatfs_sd.o
 .text.SD_ReadyWait
                0x0000000008000e5c       0x38 ./Core/Src/fatfs_sd.o
 .text.SD_PowerOn
                0x0000000008000e94       0x98 ./Core/Src/fatfs_sd.o
 .text.SD_PowerOff
                0x0000000008000f2c       0x18 ./Core/Src/fatfs_sd.o
 .text.SD_CheckPower
                0x0000000008000f44       0x14 ./Core/Src/fatfs_sd.o
 .text.SD_RxDataBlock
                0x0000000008000f58       0x6c ./Core/Src/fatfs_sd.o
 .text.SD_TxDataBlock
                0x0000000008000fc4       0xac ./Core/Src/fatfs_sd.o
 .text.SD_SendCmd
                0x0000000008001070       0xa4 ./Core/Src/fatfs_sd.o
 .text.main     0x0000000008001114       0x38 ./Core/Src/main.o
                0x0000000008001114                main
 .text.SystemClock_Config
                0x000000000800114c       0x76 ./Core/Src/main.o
                0x000000000800114c                SystemClock_Config
 *fill*         0x00000000080011c2        0x2 
 .text.MX_SPI1_Init
                0x00000000080011c4       0x6c ./Core/Src/main.o
 .text.MX_USART1_UART_Init
                0x0000000008001230       0x54 ./Core/Src/main.o
 .text.MX_GPIO_Init
                0x0000000008001284       0x7c ./Core/Src/main.o
 .text.bufclear
                0x0000000008001300       0x36 ./Core/Src/main.o
 *fill*         0x0000000008001336        0x2 
 .text.send_uart
                0x0000000008001338       0x30 ./Core/Src/main.o
 .text.microSD_init
                0x0000000008001368       0x44 ./Core/Src/main.o
 .text.microSD_getSize
                0x00000000080013ac       0xe4 ./Core/Src/main.o
 .text.microSD_put
                0x0000000008001490       0x80 ./Core/Src/main.o
 .text.microSD_get
                0x0000000008001510       0x94 ./Core/Src/main.o
 .text.Error_Handler
                0x00000000080015a4        0xa ./Core/Src/main.o
                0x00000000080015a4                Error_Handler
 *fill*         0x00000000080015ae        0x2 
 .text.HAL_MspInit
                0x00000000080015b0       0x64 ./Core/Src/stm32f1xx_hal_msp.o
                0x00000000080015b0                HAL_MspInit
 .text.HAL_SPI_MspInit
                0x0000000008001614       0x94 ./Core/Src/stm32f1xx_hal_msp.o
                0x0000000008001614                HAL_SPI_MspInit
 .text.HAL_UART_MspInit
                0x00000000080016a8       0x98 ./Core/Src/stm32f1xx_hal_msp.o
                0x00000000080016a8                HAL_UART_MspInit
 .text.SDTimer_Handler
                0x0000000008001740       0x44 ./Core/Src/stm32f1xx_it.o
                0x0000000008001740                SDTimer_Handler
 .text.NMI_Handler
                0x0000000008001784        0x6 ./Core/Src/stm32f1xx_it.o
                0x0000000008001784                NMI_Handler
 .text.HardFault_Handler
                0x000000000800178a        0x6 ./Core/Src/stm32f1xx_it.o
                0x000000000800178a                HardFault_Handler
 .text.MemManage_Handler
                0x0000000008001790        0x6 ./Core/Src/stm32f1xx_it.o
                0x0000000008001790                MemManage_Handler
 .text.BusFault_Handler
                0x0000000008001796        0x6 ./Core/Src/stm32f1xx_it.o
                0x0000000008001796                BusFault_Handler
 .text.UsageFault_Handler
                0x000000000800179c        0x6 ./Core/Src/stm32f1xx_it.o
                0x000000000800179c                UsageFault_Handler
 .text.SVC_Handler
                0x00000000080017a2        0xc ./Core/Src/stm32f1xx_it.o
                0x00000000080017a2                SVC_Handler
 .text.DebugMon_Handler
                0x00000000080017ae        0xc ./Core/Src/stm32f1xx_it.o
                0x00000000080017ae                DebugMon_Handler
 .text.PendSV_Handler
                0x00000000080017ba        0xc ./Core/Src/stm32f1xx_it.o
                0x00000000080017ba                PendSV_Handler
 *fill*         0x00000000080017c6        0x2 
 .text.SysTick_Handler
                0x00000000080017c8       0x34 ./Core/Src/stm32f1xx_it.o
                0x00000000080017c8                SysTick_Handler
 .text._sbrk    0x00000000080017fc       0x6c ./Core/Src/sysmem.o
                0x00000000080017fc                _sbrk
 .text.SystemInit
                0x0000000008001868        0xc ./Core/Src/system_stm32f1xx.o
                0x0000000008001868                SystemInit
 .text.Reset_Handler
                0x0000000008001874       0x48 ./Core/Startup/startup_stm32f103c8tx.o
                0x0000000008001874                Reset_Handler
 .text.Default_Handler
                0x00000000080018bc        0x2 ./Core/Startup/startup_stm32f103c8tx.o
                0x00000000080018bc                RTC_Alarm_IRQHandler
                0x00000000080018bc                EXTI2_IRQHandler
                0x00000000080018bc                TIM1_CC_IRQHandler
                0x00000000080018bc                PVD_IRQHandler
                0x00000000080018bc                EXTI3_IRQHandler
                0x00000000080018bc                EXTI0_IRQHandler
                0x00000000080018bc                I2C2_EV_IRQHandler
                0x00000000080018bc                ADC1_2_IRQHandler
                0x00000000080018bc                SPI1_IRQHandler
                0x00000000080018bc                TAMPER_IRQHandler
                0x00000000080018bc                DMA1_Channel4_IRQHandler
                0x00000000080018bc                USART3_IRQHandler
                0x00000000080018bc                RTC_IRQHandler
                0x00000000080018bc                DMA1_Channel7_IRQHandler
                0x00000000080018bc                CAN1_RX1_IRQHandler
                0x00000000080018bc                TIM4_IRQHandler
                0x00000000080018bc                I2C1_EV_IRQHandler
                0x00000000080018bc                DMA1_Channel6_IRQHandler
                0x00000000080018bc                TIM3_IRQHandler
                0x00000000080018bc                RCC_IRQHandler
                0x00000000080018bc                TIM1_TRG_COM_IRQHandler
                0x00000000080018bc                DMA1_Channel1_IRQHandler
                0x00000000080018bc                Default_Handler
                0x00000000080018bc                EXTI15_10_IRQHandler
                0x00000000080018bc                EXTI9_5_IRQHandler
                0x00000000080018bc                SPI2_IRQHandler
                0x00000000080018bc                DMA1_Channel5_IRQHandler
                0x00000000080018bc                EXTI4_IRQHandler
                0x00000000080018bc                USB_LP_CAN1_RX0_IRQHandler
                0x00000000080018bc                USB_HP_CAN1_TX_IRQHandler
                0x00000000080018bc                DMA1_Channel3_IRQHandler
                0x00000000080018bc                TIM1_UP_IRQHandler
                0x00000000080018bc                WWDG_IRQHandler
                0x00000000080018bc                TIM2_IRQHandler
                0x00000000080018bc                TIM1_BRK_IRQHandler
                0x00000000080018bc                EXTI1_IRQHandler
                0x00000000080018bc                USART2_IRQHandler
                0x00000000080018bc                I2C2_ER_IRQHandler
                0x00000000080018bc                DMA1_Channel2_IRQHandler
                0x00000000080018bc                CAN1_SCE_IRQHandler
                0x00000000080018bc                FLASH_IRQHandler
                0x00000000080018bc                USART1_IRQHandler
                0x00000000080018bc                I2C1_ER_IRQHandler
                0x00000000080018bc                USBWakeUp_IRQHandler
 *fill*         0x00000000080018be        0x2 
 .text.HAL_Init
                0x00000000080018c0       0x2c ./Drivers/STM32F1xx_HAL_Driver/Src/stm32f1xx_hal.o
                0x00000000080018c0                HAL_Init
 .text.HAL_InitTick
                0x00000000080018ec       0x60 ./Drivers/STM32F1xx_HAL_Driver/Src/stm32f1xx_hal.o
                0x00000000080018ec                HAL_InitTick
 .text.HAL_IncTick
                0x000000000800194c       0x24 ./Drivers/STM32F1xx_HAL_Driver/Src/stm32f1xx_hal.o
                0x000000000800194c                HAL_IncTick
 .text.HAL_GetTick
                0x0000000008001970       0x14 ./Drivers/STM32F1xx_HAL_Driver/Src/stm32f1xx_hal.o
                0x0000000008001970                HAL_GetTick
 .text.__NVIC_SetPriorityGrouping
                0x0000000008001984       0x48 ./Drivers/STM32F1xx_HAL_Driver/Src/stm32f1xx_hal_cortex.o
 .text.__NVIC_GetPriorityGrouping
                0x00000000080019cc       0x1c ./Drivers/STM32F1xx_HAL_Driver/Src/stm32f1xx_hal_cortex.o
 .text.__NVIC_SetPriority
                0x00000000080019e8       0x54 ./Drivers/STM32F1xx_HAL_Driver/Src/stm32f1xx_hal_cortex.o
 .text.NVIC_EncodePriority
                0x0000000008001a3c       0x64 ./Drivers/STM32F1xx_HAL_Driver/Src/stm32f1xx_hal_cortex.o
 .text.SysTick_Config
                0x0000000008001aa0       0x44 ./Drivers/STM32F1xx_HAL_Driver/Src/stm32f1xx_hal_cortex.o
 .text.HAL_NVIC_SetPriorityGrouping
                0x0000000008001ae4       0x16 ./Drivers/STM32F1xx_HAL_Driver/Src/stm32f1xx_hal_cortex.o
                0x0000000008001ae4                HAL_NVIC_SetPriorityGrouping
 .text.HAL_NVIC_SetPriority
                0x0000000008001afa       0x38 ./Drivers/STM32F1xx_HAL_Driver/Src/stm32f1xx_hal_cortex.o
                0x0000000008001afa                HAL_NVIC_SetPriority
 .text.HAL_SYSTICK_Config
                0x0000000008001b32       0x18 ./Drivers/STM32F1xx_HAL_Driver/Src/stm32f1xx_hal_cortex.o
                0x0000000008001b32                HAL_SYSTICK_Config
 *fill*         0x0000000008001b4a        0x2 
 .text.HAL_GPIO_Init
                0x0000000008001b4c      0x308 ./Drivers/STM32F1xx_HAL_Driver/Src/stm32f1xx_hal_gpio.o
                0x0000000008001b4c                HAL_GPIO_Init
 .text.HAL_GPIO_WritePin
                0x0000000008001e54       0x30 ./Drivers/STM32F1xx_HAL_Driver/Src/stm32f1xx_hal_gpio.o
                0x0000000008001e54                HAL_GPIO_WritePin
 .text.HAL_RCC_OscConfig
                0x0000000008001e84      0x504 ./Drivers/STM32F1xx_HAL_Driver/Src/stm32f1xx_hal_rcc.o
                0x0000000008001e84                HAL_RCC_OscConfig
 .text.HAL_RCC_ClockConfig
                0x0000000008002388      0x1d4 ./Drivers/STM32F1xx_HAL_Driver/Src/stm32f1xx_hal_rcc.o
                0x0000000008002388                HAL_RCC_ClockConfig
 .text.HAL_RCC_GetSysClockFreq
                0x000000000800255c       0xbc ./Drivers/STM32F1xx_HAL_Driver/Src/stm32f1xx_hal_rcc.o
                0x000000000800255c                HAL_RCC_GetSysClockFreq
 .text.HAL_RCC_GetHCLKFreq
                0x0000000008002618       0x14 ./Drivers/STM32F1xx_HAL_Driver/Src/stm32f1xx_hal_rcc.o
                0x0000000008002618                HAL_RCC_GetHCLKFreq
 .text.HAL_RCC_GetPCLK1Freq
                0x000000000800262c       0x28 ./Drivers/STM32F1xx_HAL_Driver/Src/stm32f1xx_hal_rcc.o
                0x000000000800262c                HAL_RCC_GetPCLK1Freq
 .text.HAL_RCC_GetPCLK2Freq
                0x0000000008002654       0x28 ./Drivers/STM32F1xx_HAL_Driver/Src/stm32f1xx_hal_rcc.o
                0x0000000008002654                HAL_RCC_GetPCLK2Freq
 .text.RCC_Delay
                0x000000000800267c       0x3c ./Drivers/STM32F1xx_HAL_Driver/Src/stm32f1xx_hal_rcc.o
 .text.HAL_SPI_Init
                0x00000000080026b8      0x108 ./Drivers/STM32F1xx_HAL_Driver/Src/stm32f1xx_hal_spi.o
                0x00000000080026b8                HAL_SPI_Init
 .text.HAL_SPI_Transmit
                0x00000000080027c0      0x278 ./Drivers/STM32F1xx_HAL_Driver/Src/stm32f1xx_hal_spi.o
                0x00000000080027c0                HAL_SPI_Transmit
 .text.HAL_SPI_TransmitReceive
                0x0000000008002a38      0x344 ./Drivers/STM32F1xx_HAL_Driver/Src/stm32f1xx_hal_spi.o
                0x0000000008002a38                HAL_SPI_TransmitReceive
 .text.HAL_SPI_GetState
                0x0000000008002d7c       0x1a ./Drivers/STM32F1xx_HAL_Driver/Src/stm32f1xx_hal_spi.o
                0x0000000008002d7c                HAL_SPI_GetState
 *fill*         0x0000000008002d96        0x2 
 .text.SPI_WaitFlagStateUntilTimeout
                0x0000000008002d98      0x110 ./Drivers/STM32F1xx_HAL_Driver/Src/stm32f1xx_hal_spi.o
 .text.SPI_EndRxTxTransaction
                0x0000000008002ea8       0x3c ./Drivers/STM32F1xx_HAL_Driver/Src/stm32f1xx_hal_spi.o
 .text.HAL_UART_Init
                0x0000000008002ee4       0x9a ./Drivers/STM32F1xx_HAL_Driver/Src/stm32f1xx_hal_uart.o
                0x0000000008002ee4                HAL_UART_Init
 .text.HAL_UART_Transmit
                0x0000000008002f7e      0x124 ./Drivers/STM32F1xx_HAL_Driver/Src/stm32f1xx_hal_uart.o
                0x0000000008002f7e                HAL_UART_Transmit
 .text.UART_WaitOnFlagUntilTimeout
                0x00000000080030a2       0x94 ./Drivers/STM32F1xx_HAL_Driver/Src/stm32f1xx_hal_uart.o
 *fill*         0x0000000008003136        0x2 
 .text.UART_SetConfig
                0x0000000008003138      0x11c ./Drivers/STM32F1xx_HAL_Driver/Src/stm32f1xx_hal_uart.o
 .text.MX_FATFS_Init
                0x0000000008003254       0x24 ./FATFS/App/fatfs.o
                0x0000000008003254                MX_FATFS_Init
 .text.get_fattime
                0x0000000008003278        0xe ./FATFS/App/fatfs.o
                0x0000000008003278                get_fattime
 .text.USER_initialize
                0x0000000008003286       0x1c ./FATFS/Target/user_diskio.o
                0x0000000008003286                USER_initialize
 .text.USER_status
                0x00000000080032a2       0x1c ./FATFS/Target/user_diskio.o
                0x00000000080032a2                USER_status
 .text.USER_read
                0x00000000080032be       0x26 ./FATFS/Target/user_diskio.o
                0x00000000080032be                USER_read
 .text.USER_write
                0x00000000080032e4       0x26 ./FATFS/Target/user_diskio.o
                0x00000000080032e4                USER_write
 .text.USER_ioctl
                0x000000000800330a       0x26 ./FATFS/Target/user_diskio.o
                0x000000000800330a                USER_ioctl
 .text.disk_status
                0x0000000008003330       0x34 ./Middlewares/Third_Party/FatFs/src/diskio.o
                0x0000000008003330                disk_status
 .text.disk_initialize
                0x0000000008003364       0x4c ./Middlewares/Third_Party/FatFs/src/diskio.o
                0x0000000008003364                disk_initialize
 .text.disk_read
                0x00000000080033b0       0x40 ./Middlewares/Third_Party/FatFs/src/diskio.o
                0x00000000080033b0                disk_read
 .text.disk_write
                0x00000000080033f0       0x40 ./Middlewares/Third_Party/FatFs/src/diskio.o
                0x00000000080033f0                disk_write
 .text.disk_ioctl
                0x0000000008003430       0x3c ./Middlewares/Third_Party/FatFs/src/diskio.o
                0x0000000008003430                disk_ioctl
 .text.mem_cpy  0x000000000800346c       0x3c ./Middlewares/Third_Party/FatFs/src/ff.o
 .text.mem_set  0x00000000080034a8       0x34 ./Middlewares/Third_Party/FatFs/src/ff.o
 .text.mem_cmp  0x00000000080034dc       0x4c ./Middlewares/Third_Party/FatFs/src/ff.o
 .text.chk_chr  0x0000000008003528       0x34 ./Middlewares/Third_Party/FatFs/src/ff.o
 .text.chk_lock
                0x000000000800355c       0xd4 ./Middlewares/Third_Party/FatFs/src/ff.o
 .text.enq_lock
                0x0000000008003630       0x48 ./Middlewares/Third_Party/FatFs/src/ff.o
 .text.inc_lock
                0x0000000008003678      0x160 ./Middlewares/Third_Party/FatFs/src/ff.o
 .text.dec_lock
                0x00000000080037d8       0x88 ./Middlewares/Third_Party/FatFs/src/ff.o
 .text.clear_lock
                0x0000000008003860       0x54 ./Middlewares/Third_Party/FatFs/src/ff.o
 .text.sync_window
                0x00000000080038b4       0x92 ./Middlewares/Third_Party/FatFs/src/ff.o
 .text.move_window
                0x0000000008003946       0x5c ./Middlewares/Third_Party/FatFs/src/ff.o
 .text.sync_fs  0x00000000080039a2      0x15a ./Middlewares/Third_Party/FatFs/src/ff.o
 .text.clust2sect
                0x0000000008003afc       0x42 ./Middlewares/Third_Party/FatFs/src/ff.o
                0x0000000008003afc                clust2sect
 .text.get_fat  0x0000000008003b3e      0x174 ./Middlewares/Third_Party/FatFs/src/ff.o
                0x0000000008003b3e                get_fat
 .text.put_fat  0x0000000008003cb2      0x21c ./Middlewares/Third_Party/FatFs/src/ff.o
                0x0000000008003cb2                put_fat
 .text.remove_chain
                0x0000000008003ece       0xb4 ./Middlewares/Third_Party/FatFs/src/ff.o
 .text.create_chain
                0x0000000008003f82      0x13a ./Middlewares/Third_Party/FatFs/src/ff.o
 .text.clmt_clust
                0x00000000080040bc       0x64 ./Middlewares/Third_Party/FatFs/src/ff.o
 .text.dir_sdi  0x0000000008004120      0x10a ./Middlewares/Third_Party/FatFs/src/ff.o
 .text.dir_next
                0x000000000800422a      0x1b6 ./Middlewares/Third_Party/FatFs/src/ff.o
 .text.dir_alloc
                0x00000000080043e0       0x8c ./Middlewares/Third_Party/FatFs/src/ff.o
 .text.ld_clust
                0x000000000800446c       0x5a ./Middlewares/Third_Party/FatFs/src/ff.o
 .text.st_clust
                0x00000000080044c6       0x4c ./Middlewares/Third_Party/FatFs/src/ff.o
 *fill*         0x0000000008004512        0x2 
 .text.cmp_lfn  0x0000000008004514       0xdc ./Middlewares/Third_Party/FatFs/src/ff.o
 .text.fit_lfn  0x00000000080045f0       0xe8 ./Middlewares/Third_Party/FatFs/src/ff.o
 .text.gen_numname
                0x00000000080046d8      0x11c ./Middlewares/Third_Party/FatFs/src/ff.o
 .text.sum_sfn  0x00000000080047f4       0x40 ./Middlewares/Third_Party/FatFs/src/ff.o
 .text.dir_find
                0x0000000008004834      0x168 ./Middlewares/Third_Party/FatFs/src/ff.o
 .text.dir_register
                0x000000000800499c      0x1f4 ./Middlewares/Third_Party/FatFs/src/ff.o
 .text.create_name
                0x0000000008004b90      0x364 ./Middlewares/Third_Party/FatFs/src/ff.o
 .text.follow_path
                0x0000000008004ef4       0xd0 ./Middlewares/Third_Party/FatFs/src/ff.o
 .text.get_ldnumber
                0x0000000008004fc4       0x86 ./Middlewares/Third_Party/FatFs/src/ff.o
 *fill*         0x000000000800504a        0x2 
 .text.check_fs
                0x000000000800504c       0xd4 ./Middlewares/Third_Party/FatFs/src/ff.o
 .text.find_volume
                0x0000000008005120      0x590 ./Middlewares/Third_Party/FatFs/src/ff.o
 .text.validate
                0x00000000080056b0       0x5c ./Middlewares/Third_Party/FatFs/src/ff.o
 .text.f_mount  0x000000000800570c       0x90 ./Middlewares/Third_Party/FatFs/src/ff.o
                0x000000000800570c                f_mount
 .text.f_open   0x000000000800579c      0x300 ./Middlewares/Third_Party/FatFs/src/ff.o
                0x000000000800579c                f_open
 .text.f_read   0x0000000008005a9c      0x246 ./Middlewares/Third_Party/FatFs/src/ff.o
                0x0000000008005a9c                f_read
 .text.f_write  0x0000000008005ce2      0x2f6 ./Middlewares/Third_Party/FatFs/src/ff.o
                0x0000000008005ce2                f_write
 .text.f_sync   0x0000000008005fd8      0x114 ./Middlewares/Third_Party/FatFs/src/ff.o
                0x0000000008005fd8                f_sync
 .text.f_close  0x00000000080060ec       0x4c ./Middlewares/Third_Party/FatFs/src/ff.o
                0x00000000080060ec                f_close
 .text.f_getfree
                0x0000000008006138      0x19a ./Middlewares/Third_Party/FatFs/src/ff.o
                0x0000000008006138                f_getfree
 .text.f_gets   0x00000000080062d2       0x7a ./Middlewares/Third_Party/FatFs/src/ff.o
                0x00000000080062d2                f_gets
 .text.putc_bfd
                0x000000000800634c       0x7a ./Middlewares/Third_Party/FatFs/src/ff.o
 .text.f_puts   0x00000000080063c6       0x72 ./Middlewares/Third_Party/FatFs/src/ff.o
                0x00000000080063c6                f_puts
 .text.FATFS_LinkDriverEx
                0x0000000008006438       0x94 ./Middlewares/Third_Party/FatFs/src/ff_gen_drv.o
                0x0000000008006438                FATFS_LinkDriverEx
 .text.FATFS_LinkDriver
                0x00000000080064cc       0x1e ./Middlewares/Third_Party/FatFs/src/ff_gen_drv.o
                0x00000000080064cc                FATFS_LinkDriver
 *fill*         0x00000000080064ea        0x2 
 .text.ff_convert
                0x00000000080064ec       0x74 ./Middlewares/Third_Party/FatFs/src/option/ccsbcs.o
                0x00000000080064ec                ff_convert
 .text.ff_wtoupper
                0x0000000008006560       0x5c ./Middlewares/Third_Party/FatFs/src/option/ccsbcs.o
                0x0000000008006560                ff_wtoupper
 .text.__errno  0x00000000080065bc        0xc c:/st/stm32cubeide_1.9.0/stm32cubeide/plugins/com.st.stm32cube.ide.mcu.externaltools.gnu-tools-for-stm32.10.3-2021.10.win32_1.0.0.202111181127/tools/bin/../lib/gcc/arm-none-eabi/10.3.1/../../../../arm-none-eabi/lib/thumb/v7-m/nofp\libc_nano.a(lib_a-errno.o)
                0x00000000080065bc                __errno
 .text.__libc_init_array
                0x00000000080065c8       0x48 c:/st/stm32cubeide_1.9.0/stm32cubeide/plugins/com.st.stm32cube.ide.mcu.externaltools.gnu-tools-for-stm32.10.3-2021.10.win32_1.0.0.202111181127/tools/bin/../lib/gcc/arm-none-eabi/10.3.1/../../../../arm-none-eabi/lib/thumb/v7-m/nofp\libc_nano.a(lib_a-init.o)
                0x00000000080065c8                __libc_init_array
 .text.memset   0x0000000008006610       0x10 c:/st/stm32cubeide_1.9.0/stm32cubeide/plugins/com.st.stm32cube.ide.mcu.externaltools.gnu-tools-for-stm32.10.3-2021.10.win32_1.0.0.202111181127/tools/bin/../lib/gcc/arm-none-eabi/10.3.1/../../../../arm-none-eabi/lib/thumb/v7-m/nofp\libc_nano.a(lib_a-memset.o)
                0x0000000008006610                memset
 .text.sprintf  0x0000000008006620       0x40 c:/st/stm32cubeide_1.9.0/stm32cubeide/plugins/com.st.stm32cube.ide.mcu.externaltools.gnu-tools-for-stm32.10.3-2021.10.win32_1.0.0.202111181127/tools/bin/../lib/gcc/arm-none-eabi/10.3.1/../../../../arm-none-eabi/lib/thumb/v7-m/nofp\libc_nano.a(lib_a-sprintf.o)
                0x0000000008006620                siprintf
                0x0000000008006620                sprintf
 .text.__ssputs_r
                0x0000000008006660       0xb6 c:/st/stm32cubeide_1.9.0/stm32cubeide/plugins/com.st.stm32cube.ide.mcu.externaltools.gnu-tools-for-stm32.10.3-2021.10.win32_1.0.0.202111181127/tools/bin/../lib/gcc/arm-none-eabi/10.3.1/../../../../arm-none-eabi/lib/thumb/v7-m/nofp\libc_nano.a(lib_a-nano-svfprintf.o)
                0x0000000008006660                __ssputs_r
 *fill*         0x0000000008006716        0x2 
 .text._svfprintf_r
                0x0000000008006718      0x200 c:/st/stm32cubeide_1.9.0/stm32cubeide/plugins/com.st.stm32cube.ide.mcu.externaltools.gnu-tools-for-stm32.10.3-2021.10.win32_1.0.0.202111181127/tools/bin/../lib/gcc/arm-none-eabi/10.3.1/../../../../arm-none-eabi/lib/thumb/v7-m/nofp\libc_nano.a(lib_a-nano-svfprintf.o)
                0x0000000008006718                _svfiprintf_r
                0x0000000008006718                _svfprintf_r
 .text._printf_common
                0x0000000008006918       0xde c:/st/stm32cubeide_1.9.0/stm32cubeide/plugins/com.st.stm32cube.ide.mcu.externaltools.gnu-tools-for-stm32.10.3-2021.10.win32_1.0.0.202111181127/tools/bin/../lib/gcc/arm-none-eabi/10.3.1/../../../../arm-none-eabi/lib/thumb/v7-m/nofp\libc_nano.a(lib_a-nano-vfprintf_i.o)
                0x0000000008006918                _printf_common
 *fill*         0x00000000080069f6        0x2 
 .text._printf_i
                0x00000000080069f8      0x24c c:/st/stm32cubeide_1.9.0/stm32cubeide/plugins/com.st.stm32cube.ide.mcu.externaltools.gnu-tools-for-stm32.10.3-2021.10.win32_1.0.0.202111181127/tools/bin/../lib/gcc/arm-none-eabi/10.3.1/../../../../arm-none-eabi/lib/thumb/v7-m/nofp\libc_nano.a(lib_a-nano-vfprintf_i.o)
                0x00000000080069f8                _printf_i
 .text.memchr   0x0000000008006c44       0x1c c:/st/stm32cubeide_1.9.0/stm32cubeide/plugins/com.st.stm32cube.ide.mcu.externaltools.gnu-tools-for-stm32.10.3-2021.10.win32_1.0.0.202111181127/tools/bin/../lib/gcc/arm-none-eabi/10.3.1/../../../../arm-none-eabi/lib/thumb/v7-m/nofp\libc_nano.a(lib_a-memchr-stub.o)
                0x0000000008006c44                memchr
 .text.memcpy   0x0000000008006c60       0x1c c:/st/stm32cubeide_1.9.0/stm32cubeide/plugins/com.st.stm32cube.ide.mcu.externaltools.gnu-tools-for-stm32.10.3-2021.10.win32_1.0.0.202111181127/tools/bin/../lib/gcc/arm-none-eabi/10.3.1/../../../../arm-none-eabi/lib/thumb/v7-m/nofp\libc_nano.a(lib_a-memcpy-stub.o)
                0x0000000008006c60                memcpy
 .text.memmove  0x0000000008006c7c       0x34 c:/st/stm32cubeide_1.9.0/stm32cubeide/plugins/com.st.stm32cube.ide.mcu.externaltools.gnu-tools-for-stm32.10.3-2021.10.win32_1.0.0.202111181127/tools/bin/../lib/gcc/arm-none-eabi/10.3.1/../../../../arm-none-eabi/lib/thumb/v7-m/nofp\libc_nano.a(lib_a-memmove.o)
                0x0000000008006c7c                memmove
 .text._free_r  0x0000000008006cb0       0x90 c:/st/stm32cubeide_1.9.0/stm32cubeide/plugins/com.st.stm32cube.ide.mcu.externaltools.gnu-tools-for-stm32.10.3-2021.10.win32_1.0.0.202111181127/tools/bin/../lib/gcc/arm-none-eabi/10.3.1/../../../../arm-none-eabi/lib/thumb/v7-m/nofp\libc_nano.a(lib_a-nano-freer.o)
                0x0000000008006cb0                _free_r
 .text.sbrk_aligned
                0x0000000008006d40       0x40 c:/st/stm32cubeide_1.9.0/stm32cubeide/plugins/com.st.stm32cube.ide.mcu.externaltools.gnu-tools-for-stm32.10.3-2021.10.win32_1.0.0.202111181127/tools/bin/../lib/gcc/arm-none-eabi/10.3.1/../../../../arm-none-eabi/lib/thumb/v7-m/nofp\libc_nano.a(lib_a-nano-mallocr.o)
 .text._malloc_r
                0x0000000008006d80       0xe8 c:/st/stm32cubeide_1.9.0/stm32cubeide/plugins/com.st.stm32cube.ide.mcu.externaltools.gnu-tools-for-stm32.10.3-2021.10.win32_1.0.0.202111181127/tools/bin/../lib/gcc/arm-none-eabi/10.3.1/../../../../arm-none-eabi/lib/thumb/v7-m/nofp\libc_nano.a(lib_a-nano-mallocr.o)
                0x0000000008006d80                _malloc_r
 .text._realloc_r
                0x0000000008006e68       0x5e c:/st/stm32cubeide_1.9.0/stm32cubeide/plugins/com.st.stm32cube.ide.mcu.externaltools.gnu-tools-for-stm32.10.3-2021.10.win32_1.0.0.202111181127/tools/bin/../lib/gcc/arm-none-eabi/10.3.1/../../../../arm-none-eabi/lib/thumb/v7-m/nofp\libc_nano.a(lib_a-nano-reallocr.o)
                0x0000000008006e68                _realloc_r
 *fill*         0x0000000008006ec6        0x2 
 .text._sbrk_r  0x0000000008006ec8       0x20 c:/st/stm32cubeide_1.9.0/stm32cubeide/plugins/com.st.stm32cube.ide.mcu.externaltools.gnu-tools-for-stm32.10.3-2021.10.win32_1.0.0.202111181127/tools/bin/../lib/gcc/arm-none-eabi/10.3.1/../../../../arm-none-eabi/lib/thumb/v7-m/nofp\libc_nano.a(lib_a-sbrkr.o)
                0x0000000008006ec8                _sbrk_r
 .text.__malloc_lock
                0x0000000008006ee8        0xc c:/st/stm32cubeide_1.9.0/stm32cubeide/plugins/com.st.stm32cube.ide.mcu.externaltools.gnu-tools-for-stm32.10.3-2021.10.win32_1.0.0.202111181127/tools/bin/../lib/gcc/arm-none-eabi/10.3.1/../../../../arm-none-eabi/lib/thumb/v7-m/nofp\libc_nano.a(lib_a-mlock.o)
                0x0000000008006ee8                __malloc_lock
 .text.__malloc_unlock
                0x0000000008006ef4        0xc c:/st/stm32cubeide_1.9.0/stm32cubeide/plugins/com.st.stm32cube.ide.mcu.externaltools.gnu-tools-for-stm32.10.3-2021.10.win32_1.0.0.202111181127/tools/bin/../lib/gcc/arm-none-eabi/10.3.1/../../../../arm-none-eabi/lib/thumb/v7-m/nofp\libc_nano.a(lib_a-mlock.o)
                0x0000000008006ef4                __malloc_unlock
 .text._malloc_usable_size_r
                0x0000000008006f00       0x10 c:/st/stm32cubeide_1.9.0/stm32cubeide/plugins/com.st.stm32cube.ide.mcu.externaltools.gnu-tools-for-stm32.10.3-2021.10.win32_1.0.0.202111181127/tools/bin/../lib/gcc/arm-none-eabi/10.3.1/../../../../arm-none-eabi/lib/thumb/v7-m/nofp\libc_nano.a(lib_a-nano-msizer.o)
                0x0000000008006f00                _malloc_usable_size_r
 .text.__retarget_lock_acquire_recursive
                0x0000000008006f10        0x2 c:/st/stm32cubeide_1.9.0/stm32cubeide/plugins/com.st.stm32cube.ide.mcu.externaltools.gnu-tools-for-stm32.10.3-2021.10.win32_1.0.0.202111181127/tools/bin/../lib/gcc/arm-none-eabi/10.3.1/../../../../arm-none-eabi/lib/thumb/v7-m/nofp\libc_nano.a(lib_a-lock.o)
                0x0000000008006f10                __retarget_lock_acquire_recursive
 .text.__retarget_lock_release_recursive
                0x0000000008006f12        0x2 c:/st/stm32cubeide_1.9.0/stm32cubeide/plugins/com.st.stm32cube.ide.mcu.externaltools.gnu-tools-for-stm32.10.3-2021.10.win32_1.0.0.202111181127/tools/bin/../lib/gcc/arm-none-eabi/10.3.1/../../../../arm-none-eabi/lib/thumb/v7-m/nofp\libc_nano.a(lib_a-lock.o)
                0x0000000008006f12                __retarget_lock_release_recursive
 *(.glue_7)
 .glue_7        0x0000000008006f14        0x0 linker stubs
 *(.glue_7t)
 .glue_7t       0x0000000008006f14        0x0 linker stubs
 *(.eh_frame)
 .eh_frame      0x0000000008006f14        0x0 c:/st/stm32cubeide_1.9.0/stm32cubeide/plugins/com.st.stm32cube.ide.mcu.externaltools.gnu-tools-for-stm32.10.3-2021.10.win32_1.0.0.202111181127/tools/bin/../lib/gcc/arm-none-eabi/10.3.1/thumb/v7-m/nofp/crtbegin.o
 *(.init)
 .init          0x0000000008006f14        0x4 c:/st/stm32cubeide_1.9.0/stm32cubeide/plugins/com.st.stm32cube.ide.mcu.externaltools.gnu-tools-for-stm32.10.3-2021.10.win32_1.0.0.202111181127/tools/bin/../lib/gcc/arm-none-eabi/10.3.1/thumb/v7-m/nofp/crti.o
                0x0000000008006f14                _init
 .init          0x0000000008006f18        0x8 c:/st/stm32cubeide_1.9.0/stm32cubeide/plugins/com.st.stm32cube.ide.mcu.externaltools.gnu-tools-for-stm32.10.3-2021.10.win32_1.0.0.202111181127/tools/bin/../lib/gcc/arm-none-eabi/10.3.1/thumb/v7-m/nofp/crtn.o
 *(.fini)
 .fini          0x0000000008006f20        0x4 c:/st/stm32cubeide_1.9.0/stm32cubeide/plugins/com.st.stm32cube.ide.mcu.externaltools.gnu-tools-for-stm32.10.3-2021.10.win32_1.0.0.202111181127/tools/bin/../lib/gcc/arm-none-eabi/10.3.1/thumb/v7-m/nofp/crti.o
                0x0000000008006f20                _fini
 .fini          0x0000000008006f24        0x8 c:/st/stm32cubeide_1.9.0/stm32cubeide/plugins/com.st.stm32cube.ide.mcu.externaltools.gnu-tools-for-stm32.10.3-2021.10.win32_1.0.0.202111181127/tools/bin/../lib/gcc/arm-none-eabi/10.3.1/thumb/v7-m/nofp/crtn.o
                0x0000000008006f2c                . = ALIGN (0x4)
                0x0000000008006f2c                _etext = .

.vfp11_veneer   0x0000000008006f2c        0x0
 .vfp11_veneer  0x0000000008006f2c        0x0 linker stubs

.v4_bx          0x0000000008006f2c        0x0
 .v4_bx         0x0000000008006f2c        0x0 linker stubs

.iplt           0x0000000008006f2c        0x0
 .iplt          0x0000000008006f2c        0x0 c:/st/stm32cubeide_1.9.0/stm32cubeide/plugins/com.st.stm32cube.ide.mcu.externaltools.gnu-tools-for-stm32.10.3-2021.10.win32_1.0.0.202111181127/tools/bin/../lib/gcc/arm-none-eabi/10.3.1/thumb/v7-m/nofp/crtbegin.o

.rodata         0x0000000008006f2c      0x718
                0x0000000008006f2c                . = ALIGN (0x4)
 *(.rodata)
 .rodata        0x0000000008006f2c      0x122 ./Core/Src/main.o
 *fill*         0x000000000800704e        0x2 
 .rodata        0x0000000008007050       0x10 ./Drivers/STM32F1xx_HAL_Driver/Src/stm32f1xx_hal_rcc.o
 .rodata        0x0000000008007060       0x48 ./Middlewares/Third_Party/FatFs/src/ff.o
 *(.rodata*)
 .rodata.AHBPrescTable
                0x00000000080070a8       0x10 ./Core/Src/system_stm32f1xx.o
                0x00000000080070a8                AHBPrescTable
 .rodata.APBPrescTable
                0x00000000080070b8        0x8 ./Core/Src/system_stm32f1xx.o
                0x00000000080070b8                APBPrescTable
 .rodata.ExCvt  0x00000000080070c0       0x80 ./Middlewares/Third_Party/FatFs/src/ff.o
 .rodata.LfnOfs
                0x0000000008007140        0xd ./Middlewares/Third_Party/FatFs/src/ff.o
 *fill*         0x000000000800714d        0x3 
 .rodata.Tbl    0x0000000008007150      0x100 ./Middlewares/Third_Party/FatFs/src/option/ccsbcs.o
 .rodata.tbl_lower.1
                0x0000000008007250      0x1e0 ./Middlewares/Third_Party/FatFs/src/option/ccsbcs.o
 .rodata.tbl_upper.0
                0x0000000008007430      0x1e0 ./Middlewares/Third_Party/FatFs/src/option/ccsbcs.o
 .rodata._svfprintf_r.str1.1
                0x0000000008007610       0x11 c:/st/stm32cubeide_1.9.0/stm32cubeide/plugins/com.st.stm32cube.ide.mcu.externaltools.gnu-tools-for-stm32.10.3-2021.10.win32_1.0.0.202111181127/tools/bin/../lib/gcc/arm-none-eabi/10.3.1/../../../../arm-none-eabi/lib/thumb/v7-m/nofp\libc_nano.a(lib_a-nano-svfprintf.o)
 .rodata._printf_i.str1.1
                0x0000000008007621       0x22 c:/st/stm32cubeide_1.9.0/stm32cubeide/plugins/com.st.stm32cube.ide.mcu.externaltools.gnu-tools-for-stm32.10.3-2021.10.win32_1.0.0.202111181127/tools/bin/../lib/gcc/arm-none-eabi/10.3.1/../../../../arm-none-eabi/lib/thumb/v7-m/nofp\libc_nano.a(lib_a-nano-vfprintf_i.o)
                0x0000000008007644                . = ALIGN (0x4)
 *fill*         0x0000000008007643        0x1 

.rel.dyn        0x0000000008007644        0x0
 .rel.iplt      0x0000000008007644        0x0 c:/st/stm32cubeide_1.9.0/stm32cubeide/plugins/com.st.stm32cube.ide.mcu.externaltools.gnu-tools-for-stm32.10.3-2021.10.win32_1.0.0.202111181127/tools/bin/../lib/gcc/arm-none-eabi/10.3.1/thumb/v7-m/nofp/crtbegin.o

.ARM.extab      0x0000000008007644        0x0
                0x0000000008007644                . = ALIGN (0x4)
 *(.ARM.extab* .gnu.linkonce.armextab.*)
                0x0000000008007644                . = ALIGN (0x4)

.ARM            0x0000000008007644        0x0
                0x0000000008007644                . = ALIGN (0x4)
                0x0000000008007644                __exidx_start = .
 *(.ARM.exidx*)
                0x0000000008007644                __exidx_end = .
                0x0000000008007644                . = ALIGN (0x4)

.preinit_array  0x0000000008007644        0x0
                0x0000000008007644                . = ALIGN (0x4)
                0x0000000008007644                PROVIDE (__preinit_array_start = .)
 *(.preinit_array*)
                0x0000000008007644                PROVIDE (__preinit_array_end = .)
                0x0000000008007644                . = ALIGN (0x4)

.init_array     0x0000000008007644        0x4
                0x0000000008007644                . = ALIGN (0x4)
                0x0000000008007644                PROVIDE (__init_array_start = .)
 *(SORT_BY_NAME(.init_array.*))
 *(.init_array*)
 .init_array    0x0000000008007644        0x4 c:/st/stm32cubeide_1.9.0/stm32cubeide/plugins/com.st.stm32cube.ide.mcu.externaltools.gnu-tools-for-stm32.10.3-2021.10.win32_1.0.0.202111181127/tools/bin/../lib/gcc/arm-none-eabi/10.3.1/thumb/v7-m/nofp/crtbegin.o
                0x0000000008007648                PROVIDE (__init_array_end = .)
                0x0000000008007648                . = ALIGN (0x4)

.fini_array     0x0000000008007648        0x4
                0x0000000008007648                . = ALIGN (0x4)
                [!provide]                        PROVIDE (__fini_array_start = .)
 *(SORT_BY_NAME(.fini_array.*))
 *(.fini_array*)
 .fini_array    0x0000000008007648        0x4 c:/st/stm32cubeide_1.9.0/stm32cubeide/plugins/com.st.stm32cube.ide.mcu.externaltools.gnu-tools-for-stm32.10.3-2021.10.win32_1.0.0.202111181127/tools/bin/../lib/gcc/arm-none-eabi/10.3.1/thumb/v7-m/nofp/crtbegin.o
                [!provide]                        PROVIDE (__fini_array_end = .)
                0x000000000800764c                . = ALIGN (0x4)
                0x000000000800764c                _sidata = LOADADDR (.data)

.data           0x0000000020000000       0x88 load address 0x000000000800764c
                0x0000000020000000                . = ALIGN (0x4)
                0x0000000020000000                _sdata = .
 *(.data)
 *(.data*)
 .data.Stat     0x0000000020000000        0x1 ./Core/Src/fatfs_sd.o
 *fill*         0x0000000020000001        0x3 
 .data.SystemCoreClock
                0x0000000020000004        0x4 ./Core/Src/system_stm32f1xx.o
                0x0000000020000004                SystemCoreClock
 .data.uwTickPrio
                0x0000000020000008        0x4 ./Drivers/STM32F1xx_HAL_Driver/Src/stm32f1xx_hal.o
                0x0000000020000008                uwTickPrio
 .data.uwTickFreq
                0x000000002000000c        0x1 ./Drivers/STM32F1xx_HAL_Driver/Src/stm32f1xx_hal.o
                0x000000002000000c                uwTickFreq
 *fill*         0x000000002000000d        0x3 
 .data.USER_Driver
                0x0000000020000010       0x14 ./FATFS/Target/user_diskio.o
                0x0000000020000010                USER_Driver
 .data._impure_ptr
                0x0000000020000024        0x4 c:/st/stm32cubeide_1.9.0/stm32cubeide/plugins/com.st.stm32cube.ide.mcu.externaltools.gnu-tools-for-stm32.10.3-2021.10.win32_1.0.0.202111181127/tools/bin/../lib/gcc/arm-none-eabi/10.3.1/../../../../arm-none-eabi/lib/thumb/v7-m/nofp\libc_nano.a(lib_a-impure.o)
                0x0000000020000024                _impure_ptr
 .data.impure_data
                0x0000000020000028       0x60 c:/st/stm32cubeide_1.9.0/stm32cubeide/plugins/com.st.stm32cube.ide.mcu.externaltools.gnu-tools-for-stm32.10.3-2021.10.win32_1.0.0.202111181127/tools/bin/../lib/gcc/arm-none-eabi/10.3.1/../../../../arm-none-eabi/lib/thumb/v7-m/nofp\libc_nano.a(lib_a-impure.o)
 *(.RamFunc)
 *(.RamFunc*)
                0x0000000020000088                . = ALIGN (0x4)
                0x0000000020000088                _edata = .

.igot.plt       0x0000000020000088        0x0 load address 0x00000000080076d4
 .igot.plt      0x0000000020000088        0x0 c:/st/stm32cubeide_1.9.0/stm32cubeide/plugins/com.st.stm32cube.ide.mcu.externaltools.gnu-tools-for-stm32.10.3-2021.10.win32_1.0.0.202111181127/tools/bin/../lib/gcc/arm-none-eabi/10.3.1/thumb/v7-m/nofp/crtbegin.o
                0x0000000020000088                . = ALIGN (0x4)

.bss            0x0000000020000088      0x5f8 load address 0x00000000080076d4
                0x0000000020000088                _sbss = .
                0x0000000020000088                __bss_start__ = _sbss
 *(.bss)
 .bss           0x0000000020000088       0x1c c:/st/stm32cubeide_1.9.0/stm32cubeide/plugins/com.st.stm32cube.ide.mcu.externaltools.gnu-tools-for-stm32.10.3-2021.10.win32_1.0.0.202111181127/tools/bin/../lib/gcc/arm-none-eabi/10.3.1/thumb/v7-m/nofp/crtbegin.o
 *(.bss*)
 .bss.CardType  0x00000000200000a4        0x1 ./Core/Src/fatfs_sd.o
 .bss.PowerFlag
                0x00000000200000a5        0x1 ./Core/Src/fatfs_sd.o
 *fill*         0x00000000200000a6        0x2 
 .bss.hspi1     0x00000000200000a8       0x58 ./Core/Src/main.o
                0x00000000200000a8                hspi1
 .bss.huart1    0x0000000020000100       0x44 ./Core/Src/main.o
                0x0000000020000100                huart1
 .bss.fs        0x0000000020000144      0x230 ./Core/Src/main.o
                0x0000000020000144                fs
 .bss.fil       0x0000000020000374       0x2c ./Core/Src/main.o
                0x0000000020000374                fil
 .bss.fresult   0x00000000200003a0        0x1 ./Core/Src/main.o
                0x00000000200003a0                fresult
 *fill*         0x00000000200003a1        0x3 
 .bss.pfs       0x00000000200003a4        0x4 ./Core/Src/main.o
                0x00000000200003a4                pfs
 .bss.fre_clust
                0x00000000200003a8        0x4 ./Core/Src/main.o
                0x00000000200003a8                fre_clust
 .bss.buffer    0x00000000200003ac       0x80 ./Core/Src/main.o
                0x00000000200003ac                buffer
 .bss.FatFsCnt  0x000000002000042c        0x1 ./Core/Src/stm32f1xx_it.o
                0x000000002000042c                FatFsCnt
 *fill*         0x000000002000042d        0x1 
 .bss.Timer1    0x000000002000042e        0x2 ./Core/Src/stm32f1xx_it.o
                0x000000002000042e                Timer1
 .bss.Timer2    0x0000000020000430        0x2 ./Core/Src/stm32f1xx_it.o
                0x0000000020000430                Timer2
 *fill*         0x0000000020000432        0x2 
 .bss.__sbrk_heap_end
                0x0000000020000434        0x4 ./Core/Src/sysmem.o
 .bss.uwTick    0x0000000020000438        0x4 ./Drivers/STM32F1xx_HAL_Driver/Src/stm32f1xx_hal.o
                0x0000000020000438                uwTick
 .bss.retUSER   0x000000002000043c        0x1 ./FATFS/App/fatfs.o
                0x000000002000043c                retUSER
 *fill*         0x000000002000043d        0x3 
 .bss.USERPath  0x0000000020000440        0x4 ./FATFS/App/fatfs.o
                0x0000000020000440                USERPath
 .bss.FatFs     0x0000000020000444        0x4 ./Middlewares/Third_Party/FatFs/src/ff.o
 .bss.Fsid      0x0000000020000448        0x2 ./Middlewares/Third_Party/FatFs/src/ff.o
 *fill*         0x000000002000044a        0x2 
 .bss.Files     0x000000002000044c       0x18 ./Middlewares/Third_Party/FatFs/src/ff.o
 .bss.LfnBuf    0x0000000020000464      0x200 ./Middlewares/Third_Party/FatFs/src/ff.o
 .bss.disk      0x0000000020000664        0xc ./Middlewares/Third_Party/FatFs/src/ff_gen_drv.o
                0x0000000020000664                disk
 .bss.__malloc_free_list
                0x0000000020000670        0x4 c:/st/stm32cubeide_1.9.0/stm32cubeide/plugins/com.st.stm32cube.ide.mcu.externaltools.gnu-tools-for-stm32.10.3-2021.10.win32_1.0.0.202111181127/tools/bin/../lib/gcc/arm-none-eabi/10.3.1/../../../../arm-none-eabi/lib/thumb/v7-m/nofp\libc_nano.a(lib_a-nano-mallocr.o)
                0x0000000020000670                __malloc_free_list
 .bss.__malloc_sbrk_start
                0x0000000020000674        0x4 c:/st/stm32cubeide_1.9.0/stm32cubeide/plugins/com.st.stm32cube.ide.mcu.externaltools.gnu-tools-for-stm32.10.3-2021.10.win32_1.0.0.202111181127/tools/bin/../lib/gcc/arm-none-eabi/10.3.1/../../../../arm-none-eabi/lib/thumb/v7-m/nofp\libc_nano.a(lib_a-nano-mallocr.o)
                0x0000000020000674                __malloc_sbrk_start
 .bss.errno     0x0000000020000678        0x4 c:/st/stm32cubeide_1.9.0/stm32cubeide/plugins/com.st.stm32cube.ide.mcu.externaltools.gnu-tools-for-stm32.10.3-2021.10.win32_1.0.0.202111181127/tools/bin/../lib/gcc/arm-none-eabi/10.3.1/../../../../arm-none-eabi/lib/thumb/v7-m/nofp\libc_nano.a(lib_a-reent.o)
                0x0000000020000678                errno
 .bss.__lock___malloc_recursive_mutex
                0x000000002000067c        0x1 c:/st/stm32cubeide_1.9.0/stm32cubeide/plugins/com.st.stm32cube.ide.mcu.externaltools.gnu-tools-for-stm32.10.3-2021.10.win32_1.0.0.202111181127/tools/bin/../lib/gcc/arm-none-eabi/10.3.1/../../../../arm-none-eabi/lib/thumb/v7-m/nofp\libc_nano.a(lib_a-lock.o)
                0x000000002000067c                __lock___malloc_recursive_mutex
 *(COMMON)
                0x0000000020000680                . = ALIGN (0x4)
 *fill*         0x000000002000067d        0x3 
                0x0000000020000680                _ebss = .
                0x0000000020000680                __bss_end__ = _ebss

._user_heap_stack
                0x0000000020000680      0x600 load address 0x00000000080076d4
                0x0000000020000680                . = ALIGN (0x8)
                [!provide]                        PROVIDE (end = .)
                0x0000000020000680                PROVIDE (_end = .)
                0x0000000020000880                . = (. + _Min_Heap_Size)
 *fill*         0x0000000020000680      0x200 
                0x0000000020000c80                . = (. + _Min_Stack_Size)
 *fill*         0x0000000020000880      0x400 
                0x0000000020000c80                . = ALIGN (0x8)

/DISCARD/
 libc.a(*)
 libm.a(*)
 libgcc.a(*)

.ARM.attributes
                0x0000000000000000       0x29
 *(.ARM.attributes)
 .ARM.attributes
                0x0000000000000000       0x1d c:/st/stm32cubeide_1.9.0/stm32cubeide/plugins/com.st.stm32cube.ide.mcu.externaltools.gnu-tools-for-stm32.10.3-2021.10.win32_1.0.0.202111181127/tools/bin/../lib/gcc/arm-none-eabi/10.3.1/thumb/v7-m/nofp/crti.o
 .ARM.attributes
                0x000000000000001d       0x2d c:/st/stm32cubeide_1.9.0/stm32cubeide/plugins/com.st.stm32cube.ide.mcu.externaltools.gnu-tools-for-stm32.10.3-2021.10.win32_1.0.0.202111181127/tools/bin/../lib/gcc/arm-none-eabi/10.3.1/thumb/v7-m/nofp/crtbegin.o
 .ARM.attributes
                0x000000000000004a       0x2d ./Core/Src/fatfs_sd.o
 .ARM.attributes
                0x0000000000000077       0x2d ./Core/Src/main.o
 .ARM.attributes
                0x00000000000000a4       0x2d ./Core/Src/stm32f1xx_hal_msp.o
 .ARM.attributes
                0x00000000000000d1       0x2d ./Core/Src/stm32f1xx_it.o
 .ARM.attributes
                0x00000000000000fe       0x2d ./Core/Src/sysmem.o
 .ARM.attributes
                0x000000000000012b       0x2d ./Core/Src/system_stm32f1xx.o
 .ARM.attributes
                0x0000000000000158       0x21 ./Core/Startup/startup_stm32f103c8tx.o
 .ARM.attributes
                0x0000000000000179       0x2d ./Drivers/STM32F1xx_HAL_Driver/Src/stm32f1xx_hal.o
 .ARM.attributes
                0x00000000000001a6       0x2d ./Drivers/STM32F1xx_HAL_Driver/Src/stm32f1xx_hal_cortex.o
 .ARM.attributes
                0x00000000000001d3       0x2d ./Drivers/STM32F1xx_HAL_Driver/Src/stm32f1xx_hal_gpio.o
 .ARM.attributes
                0x0000000000000200       0x2d ./Drivers/STM32F1xx_HAL_Driver/Src/stm32f1xx_hal_rcc.o
 .ARM.attributes
                0x000000000000022d       0x2d ./Drivers/STM32F1xx_HAL_Driver/Src/stm32f1xx_hal_spi.o
 .ARM.attributes
                0x000000000000025a       0x2d ./Drivers/STM32F1xx_HAL_Driver/Src/stm32f1xx_hal_uart.o
 .ARM.attributes
                0x0000000000000287       0x2d ./FATFS/App/fatfs.o
 .ARM.attributes
                0x00000000000002b4       0x2d ./FATFS/Target/user_diskio.o
 .ARM.attributes
                0x00000000000002e1       0x2d ./Middlewares/Third_Party/FatFs/src/diskio.o
 .ARM.attributes
                0x000000000000030e       0x2d ./Middlewares/Third_Party/FatFs/src/ff.o
 .ARM.attributes
                0x000000000000033b       0x2d ./Middlewares/Third_Party/FatFs/src/ff_gen_drv.o
 .ARM.attributes
                0x0000000000000368       0x2d ./Middlewares/Third_Party/FatFs/src/option/ccsbcs.o
 .ARM.attributes
                0x0000000000000395       0x2d c:/st/stm32cubeide_1.9.0/stm32cubeide/plugins/com.st.stm32cube.ide.mcu.externaltools.gnu-tools-for-stm32.10.3-2021.10.win32_1.0.0.202111181127/tools/bin/../lib/gcc/arm-none-eabi/10.3.1/../../../../arm-none-eabi/lib/thumb/v7-m/nofp\libc_nano.a(lib_a-errno.o)
 .ARM.attributes
                0x00000000000003c2       0x2d c:/st/stm32cubeide_1.9.0/stm32cubeide/plugins/com.st.stm32cube.ide.mcu.externaltools.gnu-tools-for-stm32.10.3-2021.10.win32_1.0.0.202111181127/tools/bin/../lib/gcc/arm-none-eabi/10.3.1/../../../../arm-none-eabi/lib/thumb/v7-m/nofp\libc_nano.a(lib_a-impure.o)
 .ARM.attributes
                0x00000000000003ef       0x2d c:/st/stm32cubeide_1.9.0/stm32cubeide/plugins/com.st.stm32cube.ide.mcu.externaltools.gnu-tools-for-stm32.10.3-2021.10.win32_1.0.0.202111181127/tools/bin/../lib/gcc/arm-none-eabi/10.3.1/../../../../arm-none-eabi/lib/thumb/v7-m/nofp\libc_nano.a(lib_a-init.o)
 .ARM.attributes
                0x000000000000041c       0x2d c:/st/stm32cubeide_1.9.0/stm32cubeide/plugins/com.st.stm32cube.ide.mcu.externaltools.gnu-tools-for-stm32.10.3-2021.10.win32_1.0.0.202111181127/tools/bin/../lib/gcc/arm-none-eabi/10.3.1/../../../../arm-none-eabi/lib/thumb/v7-m/nofp\libc_nano.a(lib_a-memset.o)
 .ARM.attributes
                0x0000000000000449       0x2d c:/st/stm32cubeide_1.9.0/stm32cubeide/plugins/com.st.stm32cube.ide.mcu.externaltools.gnu-tools-for-stm32.10.3-2021.10.win32_1.0.0.202111181127/tools/bin/../lib/gcc/arm-none-eabi/10.3.1/../../../../arm-none-eabi/lib/thumb/v7-m/nofp\libc_nano.a(lib_a-sprintf.o)
 .ARM.attributes
                0x0000000000000476       0x17 c:/st/stm32cubeide_1.9.0/stm32cubeide/plugins/com.st.stm32cube.ide.mcu.externaltools.gnu-tools-for-stm32.10.3-2021.10.win32_1.0.0.202111181127/tools/bin/../lib/gcc/arm-none-eabi/10.3.1/../../../../arm-none-eabi/lib/thumb/v7-m/nofp\libc_nano.a(lib_a-strlen.o)
 .ARM.attributes
                0x000000000000048d       0x2d c:/st/stm32cubeide_1.9.0/stm32cubeide/plugins/com.st.stm32cube.ide.mcu.externaltools.gnu-tools-for-stm32.10.3-2021.10.win32_1.0.0.202111181127/tools/bin/../lib/gcc/arm-none-eabi/10.3.1/../../../../arm-none-eabi/lib/thumb/v7-m/nofp\libc_nano.a(lib_a-nano-svfprintf.o)
 .ARM.attributes
                0x00000000000004ba       0x2d c:/st/stm32cubeide_1.9.0/stm32cubeide/plugins/com.st.stm32cube.ide.mcu.externaltools.gnu-tools-for-stm32.10.3-2021.10.win32_1.0.0.202111181127/tools/bin/../lib/gcc/arm-none-eabi/10.3.1/../../../../arm-none-eabi/lib/thumb/v7-m/nofp\libc_nano.a(lib_a-nano-vfprintf_i.o)
 .ARM.attributes
                0x00000000000004e7       0x2d c:/st/stm32cubeide_1.9.0/stm32cubeide/plugins/com.st.stm32cube.ide.mcu.externaltools.gnu-tools-for-stm32.10.3-2021.10.win32_1.0.0.202111181127/tools/bin/../lib/gcc/arm-none-eabi/10.3.1/../../../../arm-none-eabi/lib/thumb/v7-m/nofp\libc_nano.a(lib_a-memchr-stub.o)
 .ARM.attributes
                0x0000000000000514       0x2d c:/st/stm32cubeide_1.9.0/stm32cubeide/plugins/com.st.stm32cube.ide.mcu.externaltools.gnu-tools-for-stm32.10.3-2021.10.win32_1.0.0.202111181127/tools/bin/../lib/gcc/arm-none-eabi/10.3.1/../../../../arm-none-eabi/lib/thumb/v7-m/nofp\libc_nano.a(lib_a-memcpy-stub.o)
 .ARM.attributes
                0x0000000000000541       0x2d c:/st/stm32cubeide_1.9.0/stm32cubeide/plugins/com.st.stm32cube.ide.mcu.externaltools.gnu-tools-for-stm32.10.3-2021.10.win32_1.0.0.202111181127/tools/bin/../lib/gcc/arm-none-eabi/10.3.1/../../../../arm-none-eabi/lib/thumb/v7-m/nofp\libc_nano.a(lib_a-memmove.o)
 .ARM.attributes
                0x000000000000056e       0x2d c:/st/stm32cubeide_1.9.0/stm32cubeide/plugins/com.st.stm32cube.ide.mcu.externaltools.gnu-tools-for-stm32.10.3-2021.10.win32_1.0.0.202111181127/tools/bin/../lib/gcc/arm-none-eabi/10.3.1/../../../../arm-none-eabi/lib/thumb/v7-m/nofp\libc_nano.a(lib_a-nano-freer.o)
 .ARM.attributes
                0x000000000000059b       0x2d c:/st/stm32cubeide_1.9.0/stm32cubeide/plugins/com.st.stm32cube.ide.mcu.externaltools.gnu-tools-for-stm32.10.3-2021.10.win32_1.0.0.202111181127/tools/bin/../lib/gcc/arm-none-eabi/10.3.1/../../../../arm-none-eabi/lib/thumb/v7-m/nofp\libc_nano.a(lib_a-nano-mallocr.o)
 .ARM.attributes
                0x00000000000005c8       0x2d c:/st/stm32cubeide_1.9.0/stm32cubeide/plugins/com.st.stm32cube.ide.mcu.externaltools.gnu-tools-for-stm32.10.3-2021.10.win32_1.0.0.202111181127/tools/bin/../lib/gcc/arm-none-eabi/10.3.1/../../../../arm-none-eabi/lib/thumb/v7-m/nofp\libc_nano.a(lib_a-nano-reallocr.o)
 .ARM.attributes
                0x00000000000005f5       0x2d c:/st/stm32cubeide_1.9.0/stm32cubeide/plugins/com.st.stm32cube.ide.mcu.externaltools.gnu-tools-for-stm32.10.3-2021.10.win32_1.0.0.202111181127/tools/bin/../lib/gcc/arm-none-eabi/10.3.1/../../../../arm-none-eabi/lib/thumb/v7-m/nofp\libc_nano.a(lib_a-sbrkr.o)
 .ARM.attributes
                0x0000000000000622       0x2d c:/st/stm32cubeide_1.9.0/stm32cubeide/plugins/com.st.stm32cube.ide.mcu.externaltools.gnu-tools-for-stm32.10.3-2021.10.win32_1.0.0.202111181127/tools/bin/../lib/gcc/arm-none-eabi/10.3.1/../../../../arm-none-eabi/lib/thumb/v7-m/nofp\libc_nano.a(lib_a-mlock.o)
 .ARM.attributes
                0x000000000000064f       0x2d c:/st/stm32cubeide_1.9.0/stm32cubeide/plugins/com.st.stm32cube.ide.mcu.externaltools.gnu-tools-for-stm32.10.3-2021.10.win32_1.0.0.202111181127/tools/bin/../lib/gcc/arm-none-eabi/10.3.1/../../../../arm-none-eabi/lib/thumb/v7-m/nofp\libc_nano.a(lib_a-nano-msizer.o)
 .ARM.attributes
                0x000000000000067c       0x2d c:/st/stm32cubeide_1.9.0/stm32cubeide/plugins/com.st.stm32cube.ide.mcu.externaltools.gnu-tools-for-stm32.10.3-2021.10.win32_1.0.0.202111181127/tools/bin/../lib/gcc/arm-none-eabi/10.3.1/../../../../arm-none-eabi/lib/thumb/v7-m/nofp\libc_nano.a(lib_a-reent.o)
 .ARM.attributes
                0x00000000000006a9       0x2d c:/st/stm32cubeide_1.9.0/stm32cubeide/plugins/com.st.stm32cube.ide.mcu.externaltools.gnu-tools-for-stm32.10.3-2021.10.win32_1.0.0.202111181127/tools/bin/../lib/gcc/arm-none-eabi/10.3.1/../../../../arm-none-eabi/lib/thumb/v7-m/nofp\libc_nano.a(lib_a-lock.o)
 .ARM.attributes
                0x00000000000006d6       0x1d c:/st/stm32cubeide_1.9.0/stm32cubeide/plugins/com.st.stm32cube.ide.mcu.externaltools.gnu-tools-for-stm32.10.3-2021.10.win32_1.0.0.202111181127/tools/bin/../lib/gcc/arm-none-eabi/10.3.1/thumb/v7-m/nofp\libgcc.a(_arm_muldf3.o)
 .ARM.attributes
                0x00000000000006f3       0x1d c:/st/stm32cubeide_1.9.0/stm32cubeide/plugins/com.st.stm32cube.ide.mcu.externaltools.gnu-tools-for-stm32.10.3-2021.10.win32_1.0.0.202111181127/tools/bin/../lib/gcc/arm-none-eabi/10.3.1/thumb/v7-m/nofp\libgcc.a(_arm_addsubdf3.o)
 .ARM.attributes
                0x0000000000000710       0x1d c:/st/stm32cubeide_1.9.0/stm32cubeide/plugins/com.st.stm32cube.ide.mcu.externaltools.gnu-tools-for-stm32.10.3-2021.10.win32_1.0.0.202111181127/tools/bin/../lib/gcc/arm-none-eabi/10.3.1/thumb/v7-m/nofp\libgcc.a(_arm_fixunsdfsi.o)
 .ARM.attributes
                0x000000000000072d       0x1d c:/st/stm32cubeide_1.9.0/stm32cubeide/plugins/com.st.stm32cube.ide.mcu.externaltools.gnu-tools-for-stm32.10.3-2021.10.win32_1.0.0.202111181127/tools/bin/../lib/gcc/arm-none-eabi/10.3.1/thumb/v7-m/nofp/crtn.o
OUTPUT(MicroSD.elf elf32-littlearm)
LOAD linker stubs
LOAD c:/st/stm32cubeide_1.9.0/stm32cubeide/plugins/com.st.stm32cube.ide.mcu.externaltools.gnu-tools-for-stm32.10.3-2021.10.win32_1.0.0.202111181127/tools/bin/../lib/gcc/arm-none-eabi/10.3.1/../../../../arm-none-eabi/lib/thumb/v7-m/nofp\libc.a
LOAD c:/st/stm32cubeide_1.9.0/stm32cubeide/plugins/com.st.stm32cube.ide.mcu.externaltools.gnu-tools-for-stm32.10.3-2021.10.win32_1.0.0.202111181127/tools/bin/../lib/gcc/arm-none-eabi/10.3.1/../../../../arm-none-eabi/lib/thumb/v7-m/nofp\libm.a
LOAD c:/st/stm32cubeide_1.9.0/stm32cubeide/plugins/com.st.stm32cube.ide.mcu.externaltools.gnu-tools-for-stm32.10.3-2021.10.win32_1.0.0.202111181127/tools/bin/../lib/gcc/arm-none-eabi/10.3.1/thumb/v7-m/nofp\libgcc.a

.debug_info     0x0000000000000000     0xb5b2
 .debug_info    0x0000000000000000      0xc3f ./Core/Src/fatfs_sd.o
 .debug_info    0x0000000000000c3f     0x1350 ./Core/Src/main.o
 .debug_info    0x0000000000001f8f      0xb49 ./Core/Src/stm32f1xx_hal_msp.o
 .debug_info    0x0000000000002ad8      0x1a4 ./Core/Src/stm32f1xx_it.o
 .debug_info    0x0000000000002c7c      0x171 ./Core/Src/sysmem.o
 .debug_info    0x0000000000002ded      0x23d ./Core/Src/system_stm32f1xx.o
 .debug_info    0x000000000000302a       0x22 ./Core/Startup/startup_stm32f103c8tx.o
 .debug_info    0x000000000000304c      0x734 ./Drivers/STM32F1xx_HAL_Driver/Src/stm32f1xx_hal.o
 .debug_info    0x0000000000003780      0xb20 ./Drivers/STM32F1xx_HAL_Driver/Src/stm32f1xx_hal_cortex.o
 .debug_info    0x00000000000042a0      0x615 ./Drivers/STM32F1xx_HAL_Driver/Src/stm32f1xx_hal_gpio.o
 .debug_info    0x00000000000048b5      0x860 ./Drivers/STM32F1xx_HAL_Driver/Src/stm32f1xx_hal_rcc.o
 .debug_info    0x0000000000005115     0x1658 ./Drivers/STM32F1xx_HAL_Driver/Src/stm32f1xx_hal_spi.o
 .debug_info    0x000000000000676d     0x15d8 ./Drivers/STM32F1xx_HAL_Driver/Src/stm32f1xx_hal_uart.o
 .debug_info    0x0000000000007d45      0x4e1 ./FATFS/App/fatfs.o
 .debug_info    0x0000000000008226      0x3d2 ./FATFS/Target/user_diskio.o
 .debug_info    0x00000000000085f8      0x40d ./Middlewares/Third_Party/FatFs/src/diskio.o
 .debug_info    0x0000000000008a05     0x268c ./Middlewares/Third_Party/FatFs/src/ff.o
 .debug_info    0x000000000000b091      0x3a4 ./Middlewares/Third_Party/FatFs/src/ff_gen_drv.o
 .debug_info    0x000000000000b435      0x17d ./Middlewares/Third_Party/FatFs/src/option/ccsbcs.o

.debug_abbrev   0x0000000000000000     0x221d
 .debug_abbrev  0x0000000000000000      0x2b8 ./Core/Src/fatfs_sd.o
 .debug_abbrev  0x00000000000002b8      0x374 ./Core/Src/main.o
 .debug_abbrev  0x000000000000062c      0x194 ./Core/Src/stm32f1xx_hal_msp.o
 .debug_abbrev  0x00000000000007c0       0x9d ./Core/Src/stm32f1xx_it.o
 .debug_abbrev  0x000000000000085d       0xbb ./Core/Src/sysmem.o
 .debug_abbrev  0x0000000000000918      0x13b ./Core/Src/system_stm32f1xx.o
 .debug_abbrev  0x0000000000000a53       0x12 ./Core/Startup/startup_stm32f103c8tx.o
 .debug_abbrev  0x0000000000000a65      0x1fb ./Drivers/STM32F1xx_HAL_Driver/Src/stm32f1xx_hal.o
 .debug_abbrev  0x0000000000000c60      0x2ed ./Drivers/STM32F1xx_HAL_Driver/Src/stm32f1xx_hal_cortex.o
 .debug_abbrev  0x0000000000000f4d      0x1bb ./Drivers/STM32F1xx_HAL_Driver/Src/stm32f1xx_hal_gpio.o
 .debug_abbrev  0x0000000000001108      0x2a8 ./Drivers/STM32F1xx_HAL_Driver/Src/stm32f1xx_hal_rcc.o
 .debug_abbrev  0x00000000000013b0      0x26e ./Drivers/STM32F1xx_HAL_Driver/Src/stm32f1xx_hal_spi.o
 .debug_abbrev  0x000000000000161e      0x278 ./Drivers/STM32F1xx_HAL_Driver/Src/stm32f1xx_hal_uart.o
 .debug_abbrev  0x0000000000001896      0x19a ./FATFS/App/fatfs.o
 .debug_abbrev  0x0000000000001a30      0x13f ./FATFS/Target/user_diskio.o
 .debug_abbrev  0x0000000000001b6f      0x178 ./Middlewares/Third_Party/FatFs/src/diskio.o
 .debug_abbrev  0x0000000000001ce7      0x2cd ./Middlewares/Third_Party/FatFs/src/ff.o
 .debug_abbrev  0x0000000000001fb4      0x196 ./Middlewares/Third_Party/FatFs/src/ff_gen_drv.o
 .debug_abbrev  0x000000000000214a       0xd3 ./Middlewares/Third_Party/FatFs/src/option/ccsbcs.o

.debug_aranges  0x0000000000000000      0xbf0
 .debug_aranges
                0x0000000000000000       0xa0 ./Core/Src/fatfs_sd.o
 .debug_aranges
                0x00000000000000a0       0x78 ./Core/Src/main.o
 .debug_aranges
                0x0000000000000118       0x40 ./Core/Src/stm32f1xx_hal_msp.o
 .debug_aranges
                0x0000000000000158       0x68 ./Core/Src/stm32f1xx_it.o
 .debug_aranges
                0x00000000000001c0       0x20 ./Core/Src/sysmem.o
 .debug_aranges
                0x00000000000001e0       0x28 ./Core/Src/system_stm32f1xx.o
 .debug_aranges
                0x0000000000000208       0x28 ./Core/Startup/startup_stm32f103c8tx.o
 .debug_aranges
                0x0000000000000230       0xe0 ./Drivers/STM32F1xx_HAL_Driver/Src/stm32f1xx_hal.o
 .debug_aranges
                0x0000000000000310      0x100 ./Drivers/STM32F1xx_HAL_Driver/Src/stm32f1xx_hal_cortex.o
 .debug_aranges
                0x0000000000000410       0x58 ./Drivers/STM32F1xx_HAL_Driver/Src/stm32f1xx_hal_gpio.o
 .debug_aranges
                0x0000000000000468       0x90 ./Drivers/STM32F1xx_HAL_Driver/Src/stm32f1xx_hal_rcc.o
 .debug_aranges
                0x00000000000004f8      0x1d0 ./Drivers/STM32F1xx_HAL_Driver/Src/stm32f1xx_hal_spi.o
 .debug_aranges
                0x00000000000006c8      0x200 ./Drivers/STM32F1xx_HAL_Driver/Src/stm32f1xx_hal_uart.o
 .debug_aranges
                0x00000000000008c8       0x28 ./FATFS/App/fatfs.o
 .debug_aranges
                0x00000000000008f0       0x40 ./FATFS/Target/user_diskio.o
 .debug_aranges
                0x0000000000000930       0x48 ./Middlewares/Third_Party/FatFs/src/diskio.o
 .debug_aranges
                0x0000000000000978      0x210 ./Middlewares/Third_Party/FatFs/src/ff.o
 .debug_aranges
                0x0000000000000b88       0x40 ./Middlewares/Third_Party/FatFs/src/ff_gen_drv.o
 .debug_aranges
                0x0000000000000bc8       0x28 ./Middlewares/Third_Party/FatFs/src/option/ccsbcs.o

.debug_ranges   0x0000000000000000      0xaf8
 .debug_ranges  0x0000000000000000       0x90 ./Core/Src/fatfs_sd.o
 .debug_ranges  0x0000000000000090       0x68 ./Core/Src/main.o
 .debug_ranges  0x00000000000000f8       0x30 ./Core/Src/stm32f1xx_hal_msp.o
 .debug_ranges  0x0000000000000128       0x58 ./Core/Src/stm32f1xx_it.o
 .debug_ranges  0x0000000000000180       0x10 ./Core/Src/sysmem.o
 .debug_ranges  0x0000000000000190       0x18 ./Core/Src/system_stm32f1xx.o
 .debug_ranges  0x00000000000001a8       0x20 ./Core/Startup/startup_stm32f103c8tx.o
 .debug_ranges  0x00000000000001c8       0xd0 ./Drivers/STM32F1xx_HAL_Driver/Src/stm32f1xx_hal.o
 .debug_ranges  0x0000000000000298       0xf0 ./Drivers/STM32F1xx_HAL_Driver/Src/stm32f1xx_hal_cortex.o
 .debug_ranges  0x0000000000000388       0x48 ./Drivers/STM32F1xx_HAL_Driver/Src/stm32f1xx_hal_gpio.o
 .debug_ranges  0x00000000000003d0       0x80 ./Drivers/STM32F1xx_HAL_Driver/Src/stm32f1xx_hal_rcc.o
 .debug_ranges  0x0000000000000450      0x1c0 ./Drivers/STM32F1xx_HAL_Driver/Src/stm32f1xx_hal_spi.o
 .debug_ranges  0x0000000000000610      0x220 ./Drivers/STM32F1xx_HAL_Driver/Src/stm32f1xx_hal_uart.o
 .debug_ranges  0x0000000000000830       0x18 ./FATFS/App/fatfs.o
 .debug_ranges  0x0000000000000848       0x30 ./FATFS/Target/user_diskio.o
 .debug_ranges  0x0000000000000878       0x38 ./Middlewares/Third_Party/FatFs/src/diskio.o
 .debug_ranges  0x00000000000008b0      0x200 ./Middlewares/Third_Party/FatFs/src/ff.o
 .debug_ranges  0x0000000000000ab0       0x30 ./Middlewares/Third_Party/FatFs/src/ff_gen_drv.o
 .debug_ranges  0x0000000000000ae0       0x18 ./Middlewares/Third_Party/FatFs/src/option/ccsbcs.o

.debug_macro    0x0000000000000000    0x1869b
 .debug_macro   0x0000000000000000      0x1da ./Core/Src/fatfs_sd.o
 .debug_macro   0x00000000000001da      0xa6c ./Core/Src/fatfs_sd.o
 .debug_macro   0x0000000000000c46      0x21b ./Core/Src/fatfs_sd.o
 .debug_macro   0x0000000000000e61       0x2e ./Core/Src/fatfs_sd.o
 .debug_macro   0x0000000000000e8f       0x22 ./Core/Src/fatfs_sd.o
 .debug_macro   0x0000000000000eb1       0x22 ./Core/Src/fatfs_sd.o
 .debug_macro   0x0000000000000ed3       0x8e ./Core/Src/fatfs_sd.o
 .debug_macro   0x0000000000000f61       0x51 ./Core/Src/fatfs_sd.o
 .debug_macro   0x0000000000000fb2      0x103 ./Core/Src/fatfs_sd.o
 .debug_macro   0x00000000000010b5       0x6a ./Core/Src/fatfs_sd.o
 .debug_macro   0x000000000000111f      0x1df ./Core/Src/fatfs_sd.o
 .debug_macro   0x00000000000012fe       0x1c ./Core/Src/fatfs_sd.o
 .debug_macro   0x000000000000131a       0x22 ./Core/Src/fatfs_sd.o
 .debug_macro   0x000000000000133c       0xbd ./Core/Src/fatfs_sd.o
 .debug_macro   0x00000000000013f9      0xd23 ./Core/Src/fatfs_sd.o
 .debug_macro   0x000000000000211c     0xe09e ./Core/Src/fatfs_sd.o
 .debug_macro   0x00000000000101ba       0x6d ./Core/Src/fatfs_sd.o
 .debug_macro   0x0000000000010227     0x3468 ./Core/Src/fatfs_sd.o
 .debug_macro   0x000000000001368f      0x174 ./Core/Src/fatfs_sd.o
 .debug_macro   0x0000000000013803       0x5c ./Core/Src/fatfs_sd.o
 .debug_macro   0x000000000001385f      0x5be ./Core/Src/fatfs_sd.o
 .debug_macro   0x0000000000013e1d      0x289 ./Core/Src/fatfs_sd.o
 .debug_macro   0x00000000000140a6      0x1cb ./Core/Src/fatfs_sd.o
 .debug_macro   0x0000000000014271      0x114 ./Core/Src/fatfs_sd.o
 .debug_macro   0x0000000000014385      0x1b2 ./Core/Src/fatfs_sd.o
 .debug_macro   0x0000000000014537       0x27 ./Core/Src/fatfs_sd.o
 .debug_macro   0x000000000001455e      0x136 ./Core/Src/fatfs_sd.o
 .debug_macro   0x0000000000014694      0x1bc ./Core/Src/fatfs_sd.o
 .debug_macro   0x0000000000014850       0x34 ./Core/Src/fatfs_sd.o
 .debug_macro   0x0000000000014884       0x3c ./Core/Src/fatfs_sd.o
 .debug_macro   0x00000000000148c0       0x57 ./Core/Src/fatfs_sd.o
 .debug_macro   0x0000000000014917       0x88 ./Core/Src/fatfs_sd.o
 .debug_macro   0x000000000001499f      0x241 ./Core/Src/fatfs_sd.o
 .debug_macro   0x0000000000014be0      0x141 ./Core/Src/fatfs_sd.o
 .debug_macro   0x0000000000014d21      0x217 ./Core/Src/fatfs_sd.o
 .debug_macro   0x0000000000014f38      0x279 ./Core/Src/fatfs_sd.o
 .debug_macro   0x00000000000151b1       0x83 ./Core/Src/fatfs_sd.o
 .debug_macro   0x0000000000015234       0x10 ./Core/Src/fatfs_sd.o
 .debug_macro   0x0000000000015244       0x16 ./Core/Src/fatfs_sd.o
 .debug_macro   0x000000000001525a       0x7c ./Core/Src/fatfs_sd.o
 .debug_macro   0x00000000000152d6       0x88 ./Core/Src/fatfs_sd.o
 .debug_macro   0x000000000001535e      0x38c ./Core/Src/main.o
 .debug_macro   0x00000000000156ea       0xde ./Core/Src/main.o
 .debug_macro   0x00000000000157c8       0xf5 ./Core/Src/main.o
 .debug_macro   0x00000000000158bd       0x8e ./Core/Src/main.o
 .debug_macro   0x000000000001594b       0x52 ./Core/Src/main.o
 .debug_macro   0x000000000001599d       0x18 ./Core/Src/main.o
 .debug_macro   0x00000000000159b5       0x3c ./Core/Src/main.o
 .debug_macro   0x00000000000159f1       0x34 ./Core/Src/main.o
 .debug_macro   0x0000000000015a25       0x16 ./Core/Src/main.o
 .debug_macro   0x0000000000015a3b       0x43 ./Core/Src/main.o
 .debug_macro   0x0000000000015a7e       0x34 ./Core/Src/main.o
 .debug_macro   0x0000000000015ab2       0x10 ./Core/Src/main.o
 .debug_macro   0x0000000000015ac2       0x58 ./Core/Src/main.o
 .debug_macro   0x0000000000015b1a       0x71 ./Core/Src/main.o
 .debug_macro   0x0000000000015b8b       0x1c ./Core/Src/main.o
 .debug_macro   0x0000000000015ba7      0x12a ./Core/Src/main.o
 .debug_macro   0x0000000000015cd1      0x341 ./Core/Src/main.o
 .debug_macro   0x0000000000016012       0x10 ./Core/Src/main.o
 .debug_macro   0x0000000000016022       0x35 ./Core/Src/main.o
 .debug_macro   0x0000000000016057       0x20 ./Core/Src/main.o
 .debug_macro   0x0000000000016077       0x1c ./Core/Src/main.o
 .debug_macro   0x0000000000016093       0x10 ./Core/Src/main.o
 .debug_macro   0x00000000000160a3       0x10 ./Core/Src/main.o
 .debug_macro   0x00000000000160b3       0x1c ./Core/Src/main.o
 .debug_macro   0x00000000000160cf       0x52 ./Core/Src/main.o
 .debug_macro   0x0000000000016121       0x22 ./Core/Src/main.o
 .debug_macro   0x0000000000016143       0x10 ./Core/Src/main.o
 .debug_macro   0x0000000000016153       0x52 ./Core/Src/main.o
 .debug_macro   0x00000000000161a5       0xd5 ./Core/Src/main.o
 .debug_macro   0x000000000001627a       0x1c ./Core/Src/main.o
 .debug_macro   0x0000000000016296       0x3d ./Core/Src/main.o
 .debug_macro   0x00000000000162d3       0x16 ./Core/Src/main.o
 .debug_macro   0x00000000000162e9      0x145 ./Core/Src/main.o
 .debug_macro   0x000000000001642e      0x1a7 ./Core/Src/stm32f1xx_hal_msp.o
 .debug_macro   0x00000000000165d5      0x1b1 ./Core/Src/stm32f1xx_it.o
 .debug_macro   0x0000000000016786       0xff ./Core/Src/sysmem.o
 .debug_macro   0x0000000000016885      0x23b ./Core/Src/sysmem.o
 .debug_macro   0x0000000000016ac0      0x198 ./Core/Src/system_stm32f1xx.o
 .debug_macro   0x0000000000016c58      0x1bc ./Drivers/STM32F1xx_HAL_Driver/Src/stm32f1xx_hal.o
 .debug_macro   0x0000000000016e14      0x198 ./Drivers/STM32F1xx_HAL_Driver/Src/stm32f1xx_hal_cortex.o
 .debug_macro   0x0000000000016fac      0x203 ./Drivers/STM32F1xx_HAL_Driver/Src/stm32f1xx_hal_gpio.o
 .debug_macro   0x00000000000171af      0x1aa ./Drivers/STM32F1xx_HAL_Driver/Src/stm32f1xx_hal_rcc.o
 .debug_macro   0x0000000000017359      0x1a0 ./Drivers/STM32F1xx_HAL_Driver/Src/stm32f1xx_hal_spi.o
 .debug_macro   0x00000000000174f9      0x199 ./Drivers/STM32F1xx_HAL_Driver/Src/stm32f1xx_hal_uart.o
 .debug_macro   0x0000000000017692      0x1fa ./FATFS/App/fatfs.o
 .debug_macro   0x000000000001788c       0xd8 ./FATFS/App/fatfs.o
 .debug_macro   0x0000000000017964      0x2b8 ./FATFS/Target/user_diskio.o
 .debug_macro   0x0000000000017c1c       0x56 ./FATFS/Target/user_diskio.o
 .debug_macro   0x0000000000017c72      0x1e7 ./Middlewares/Third_Party/FatFs/src/diskio.o
 .debug_macro   0x0000000000017e59      0x42e ./Middlewares/Third_Party/FatFs/src/ff.o
 .debug_macro   0x0000000000018287       0x58 ./Middlewares/Third_Party/FatFs/src/ff.o
 .debug_macro   0x00000000000182df      0x1e7 ./Middlewares/Third_Party/FatFs/src/ff_gen_drv.o
 .debug_macro   0x00000000000184c6      0x1d5 ./Middlewares/Third_Party/FatFs/src/option/ccsbcs.o

.debug_line     0x0000000000000000     0xedc3
 .debug_line    0x0000000000000000      0xd9f ./Core/Src/fatfs_sd.o
 .debug_line    0x0000000000000d9f      0xb62 ./Core/Src/main.o
 .debug_line    0x0000000000001901      0x6fa ./Core/Src/stm32f1xx_hal_msp.o
 .debug_line    0x0000000000001ffb      0x753 ./Core/Src/stm32f1xx_it.o
 .debug_line    0x000000000000274e      0x4e5 ./Core/Src/sysmem.o
 .debug_line    0x0000000000002c33      0x6d2 ./Core/Src/system_stm32f1xx.o
 .debug_line    0x0000000000003305       0x87 ./Core/Startup/startup_stm32f103c8tx.o
 .debug_line    0x000000000000338c      0x8ff ./Drivers/STM32F1xx_HAL_Driver/Src/stm32f1xx_hal.o
 .debug_line    0x0000000000003c8b      0xae7 ./Drivers/STM32F1xx_HAL_Driver/Src/stm32f1xx_hal_cortex.o
 .debug_line    0x0000000000004772      0x996 ./Drivers/STM32F1xx_HAL_Driver/Src/stm32f1xx_hal_gpio.o
 .debug_line    0x0000000000005108      0xd0d ./Drivers/STM32F1xx_HAL_Driver/Src/stm32f1xx_hal_rcc.o
 .debug_line    0x0000000000005e15     0x1b84 ./Drivers/STM32F1xx_HAL_Driver/Src/stm32f1xx_hal_spi.o
 .debug_line    0x0000000000007999     0x19da ./Drivers/STM32F1xx_HAL_Driver/Src/stm32f1xx_hal_uart.o
 .debug_line    0x0000000000009373      0x6ef ./FATFS/App/fatfs.o
 .debug_line    0x0000000000009a62      0x87d ./FATFS/Target/user_diskio.o
 .debug_line    0x000000000000a2df      0x760 ./Middlewares/Third_Party/FatFs/src/diskio.o
 .debug_line    0x000000000000aa3f     0x34a6 ./Middlewares/Third_Party/FatFs/src/ff.o
 .debug_line    0x000000000000dee5      0x77d ./Middlewares/Third_Party/FatFs/src/ff_gen_drv.o
 .debug_line    0x000000000000e662      0x761 ./Middlewares/Third_Party/FatFs/src/option/ccsbcs.o

.debug_str      0x0000000000000000    0x85827
 .debug_str     0x0000000000000000    0x7df92 ./Core/Src/fatfs_sd.o
                                      0x7e34c (size before relaxing)
 .debug_str     0x000000000007df92     0x4a56 ./Core/Src/main.o
                                      0x82bfe (size before relaxing)
 .debug_str     0x00000000000829e8       0xbb ./Core/Src/stm32f1xx_hal_msp.o
                                      0x7e0d9 (size before relaxing)
 .debug_str     0x0000000000082aa3       0xe2 ./Core/Src/stm32f1xx_it.o
                                      0x7db33 (size before relaxing)
 .debug_str     0x0000000000082b85      0x4da ./Core/Src/sysmem.o
                                       0x5d68 (size before relaxing)
 .debug_str     0x000000000008305f       0x7e ./Core/Src/system_stm32f1xx.o
                                      0x7dad1 (size before relaxing)
 .debug_str     0x00000000000830dd       0x36 ./Core/Startup/startup_stm32f103c8tx.o
                                         0x82 (size before relaxing)
 .debug_str     0x0000000000083113      0x607 ./Drivers/STM32F1xx_HAL_Driver/Src/stm32f1xx_hal.o
                                      0x7e204 (size before relaxing)
 .debug_str     0x000000000008371a      0x2bb ./Drivers/STM32F1xx_HAL_Driver/Src/stm32f1xx_hal_cortex.o
                                      0x7e150 (size before relaxing)
 .debug_str     0x00000000000839d5      0x2e6 ./Drivers/STM32F1xx_HAL_Driver/Src/stm32f1xx_hal_gpio.o
                                      0x7de57 (size before relaxing)
 .debug_str     0x0000000000083cbb      0x229 ./Drivers/STM32F1xx_HAL_Driver/Src/stm32f1xx_hal_rcc.o
                                      0x7df00 (size before relaxing)
 .debug_str     0x0000000000083ee4      0x532 ./Drivers/STM32F1xx_HAL_Driver/Src/stm32f1xx_hal_spi.o
                                      0x7e3fd (size before relaxing)
 .debug_str     0x0000000000084416      0x5d5 ./Drivers/STM32F1xx_HAL_Driver/Src/stm32f1xx_hal_uart.o
                                      0x7e50b (size before relaxing)
 .debug_str     0x00000000000849eb       0x74 ./FATFS/App/fatfs.o
                                      0x7e388 (size before relaxing)
 .debug_str     0x0000000000084a5f       0x5a ./FATFS/Target/user_diskio.o
                                      0x81252 (size before relaxing)
 .debug_str     0x0000000000084ab9       0x52 ./Middlewares/Third_Party/FatFs/src/diskio.o
                                      0x7e2b4 (size before relaxing)
 .debug_str     0x0000000000084b0b      0xc38 ./Middlewares/Third_Party/FatFs/src/ff.o
                                      0x7f16e (size before relaxing)
 .debug_str     0x0000000000085743       0x91 ./Middlewares/Third_Party/FatFs/src/ff_gen_drv.o
                                      0x7e305 (size before relaxing)
 .debug_str     0x00000000000857d4       0x53 ./Middlewares/Third_Party/FatFs/src/option/ccsbcs.o
                                      0x7e093 (size before relaxing)

.comment        0x0000000000000000       0x50
 .comment       0x0000000000000000       0x50 ./Core/Src/fatfs_sd.o
                                         0x51 (size before relaxing)
 .comment       0x0000000000000050       0x51 ./Core/Src/main.o
 .comment       0x0000000000000050       0x51 ./Core/Src/stm32f1xx_hal_msp.o
 .comment       0x0000000000000050       0x51 ./Core/Src/stm32f1xx_it.o
 .comment       0x0000000000000050       0x51 ./Core/Src/sysmem.o
 .comment       0x0000000000000050       0x51 ./Core/Src/system_stm32f1xx.o
 .comment       0x0000000000000050       0x51 ./Drivers/STM32F1xx_HAL_Driver/Src/stm32f1xx_hal.o
 .comment       0x0000000000000050       0x51 ./Drivers/STM32F1xx_HAL_Driver/Src/stm32f1xx_hal_cortex.o
 .comment       0x0000000000000050       0x51 ./Drivers/STM32F1xx_HAL_Driver/Src/stm32f1xx_hal_gpio.o
 .comment       0x0000000000000050       0x51 ./Drivers/STM32F1xx_HAL_Driver/Src/stm32f1xx_hal_rcc.o
 .comment       0x0000000000000050       0x51 ./Drivers/STM32F1xx_HAL_Driver/Src/stm32f1xx_hal_spi.o
 .comment       0x0000000000000050       0x51 ./Drivers/STM32F1xx_HAL_Driver/Src/stm32f1xx_hal_uart.o
 .comment       0x0000000000000050       0x51 ./FATFS/App/fatfs.o
 .comment       0x0000000000000050       0x51 ./FATFS/Target/user_diskio.o
 .comment       0x0000000000000050       0x51 ./Middlewares/Third_Party/FatFs/src/diskio.o
 .comment       0x0000000000000050       0x51 ./Middlewares/Third_Party/FatFs/src/ff.o
 .comment       0x0000000000000050       0x51 ./Middlewares/Third_Party/FatFs/src/ff_gen_drv.o
 .comment       0x0000000000000050       0x51 ./Middlewares/Third_Party/FatFs/src/option/ccsbcs.o

.debug_frame    0x0000000000000000     0x34a0
 .debug_frame   0x0000000000000000      0x268 ./Core/Src/fatfs_sd.o
 .debug_frame   0x0000000000000268      0x198 ./Core/Src/main.o
 .debug_frame   0x0000000000000400       0xc8 ./Core/Src/stm32f1xx_hal_msp.o
 .debug_frame   0x00000000000004c8      0x124 ./Core/Src/stm32f1xx_it.o
 .debug_frame   0x00000000000005ec       0x34 ./Core/Src/sysmem.o
 .debug_frame   0x0000000000000620       0x58 ./Core/Src/system_stm32f1xx.o
 .debug_frame   0x0000000000000678      0x334 ./Drivers/STM32F1xx_HAL_Driver/Src/stm32f1xx_hal.o
 .debug_frame   0x00000000000009ac      0x428 ./Drivers/STM32F1xx_HAL_Driver/Src/stm32f1xx_hal_cortex.o
 .debug_frame   0x0000000000000dd4      0x14c ./Drivers/STM32F1xx_HAL_Driver/Src/stm32f1xx_hal_gpio.o
 .debug_frame   0x0000000000000f20      0x21c ./Drivers/STM32F1xx_HAL_Driver/Src/stm32f1xx_hal_rcc.o
 .debug_frame   0x000000000000113c      0x824 ./Drivers/STM32F1xx_HAL_Driver/Src/stm32f1xx_hal_spi.o
 .debug_frame   0x0000000000001960      0x914 ./Drivers/STM32F1xx_HAL_Driver/Src/stm32f1xx_hal_uart.o
 .debug_frame   0x0000000000002274       0x4c ./FATFS/App/fatfs.o
 .debug_frame   0x00000000000022c0       0xc4 ./FATFS/Target/user_diskio.o
 .debug_frame   0x0000000000002384       0xec ./Middlewares/Third_Party/FatFs/src/diskio.o
 .debug_frame   0x0000000000002470      0x980 ./Middlewares/Third_Party/FatFs/src/ff.o
 .debug_frame   0x0000000000002df0       0xc8 ./Middlewares/Third_Party/FatFs/src/ff_gen_drv.o
 .debug_frame   0x0000000000002eb8       0x60 ./Middlewares/Third_Party/FatFs/src/option/ccsbcs.o
 .debug_frame   0x0000000000002f18       0x20 c:/st/stm32cubeide_1.9.0/stm32cubeide/plugins/com.st.stm32cube.ide.mcu.externaltools.gnu-tools-for-stm32.10.3-2021.10.win32_1.0.0.202111181127/tools/bin/../lib/gcc/arm-none-eabi/10.3.1/../../../../arm-none-eabi/lib/thumb/v7-m/nofp\libc_nano.a(lib_a-errno.o)
 .debug_frame   0x0000000000002f38       0x2c c:/st/stm32cubeide_1.9.0/stm32cubeide/plugins/com.st.stm32cube.ide.mcu.externaltools.gnu-tools-for-stm32.10.3-2021.10.win32_1.0.0.202111181127/tools/bin/../lib/gcc/arm-none-eabi/10.3.1/../../../../arm-none-eabi/lib/thumb/v7-m/nofp\libc_nano.a(lib_a-init.o)
 .debug_frame   0x0000000000002f64       0x20 c:/st/stm32cubeide_1.9.0/stm32cubeide/plugins/com.st.stm32cube.ide.mcu.externaltools.gnu-tools-for-stm32.10.3-2021.10.win32_1.0.0.202111181127/tools/bin/../lib/gcc/arm-none-eabi/10.3.1/../../../../arm-none-eabi/lib/thumb/v7-m/nofp\libc_nano.a(lib_a-memset.o)
 .debug_frame   0x0000000000002f84       0x6c c:/st/stm32cubeide_1.9.0/stm32cubeide/plugins/com.st.stm32cube.ide.mcu.externaltools.gnu-tools-for-stm32.10.3-2021.10.win32_1.0.0.202111181127/tools/bin/../lib/gcc/arm-none-eabi/10.3.1/../../../../arm-none-eabi/lib/thumb/v7-m/nofp\libc_nano.a(lib_a-sprintf.o)
 .debug_frame   0x0000000000002ff0       0x90 c:/st/stm32cubeide_1.9.0/stm32cubeide/plugins/com.st.stm32cube.ide.mcu.externaltools.gnu-tools-for-stm32.10.3-2021.10.win32_1.0.0.202111181127/tools/bin/../lib/gcc/arm-none-eabi/10.3.1/../../../../arm-none-eabi/lib/thumb/v7-m/nofp\libc_nano.a(lib_a-nano-svfprintf.o)
 .debug_frame   0x0000000000003080       0x60 c:/st/stm32cubeide_1.9.0/stm32cubeide/plugins/com.st.stm32cube.ide.mcu.externaltools.gnu-tools-for-stm32.10.3-2021.10.win32_1.0.0.202111181127/tools/bin/../lib/gcc/arm-none-eabi/10.3.1/../../../../arm-none-eabi/lib/thumb/v7-m/nofp\libc_nano.a(lib_a-nano-vfprintf_i.o)
 .debug_frame   0x00000000000030e0       0x28 c:/st/stm32cubeide_1.9.0/stm32cubeide/plugins/com.st.stm32cube.ide.mcu.externaltools.gnu-tools-for-stm32.10.3-2021.10.win32_1.0.0.202111181127/tools/bin/../lib/gcc/arm-none-eabi/10.3.1/../../../../arm-none-eabi/lib/thumb/v7-m/nofp\libc_nano.a(lib_a-memchr-stub.o)
 .debug_frame   0x0000000000003108       0x28 c:/st/stm32cubeide_1.9.0/stm32cubeide/plugins/com.st.stm32cube.ide.mcu.externaltools.gnu-tools-for-stm32.10.3-2021.10.win32_1.0.0.202111181127/tools/bin/../lib/gcc/arm-none-eabi/10.3.1/../../../../arm-none-eabi/lib/thumb/v7-m/nofp\libc_nano.a(lib_a-memcpy-stub.o)
 .debug_frame   0x0000000000003130       0x28 c:/st/stm32cubeide_1.9.0/stm32cubeide/plugins/com.st.stm32cube.ide.mcu.externaltools.gnu-tools-for-stm32.10.3-2021.10.win32_1.0.0.202111181127/tools/bin/../lib/gcc/arm-none-eabi/10.3.1/../../../../arm-none-eabi/lib/thumb/v7-m/nofp\libc_nano.a(lib_a-memmove.o)
 .debug_frame   0x0000000000003158       0x38 c:/st/stm32cubeide_1.9.0/stm32cubeide/plugins/com.st.stm32cube.ide.mcu.externaltools.gnu-tools-for-stm32.10.3-2021.10.win32_1.0.0.202111181127/tools/bin/../lib/gcc/arm-none-eabi/10.3.1/../../../../arm-none-eabi/lib/thumb/v7-m/nofp\libc_nano.a(lib_a-nano-freer.o)
 .debug_frame   0x0000000000003190       0x4c c:/st/stm32cubeide_1.9.0/stm32cubeide/plugins/com.st.stm32cube.ide.mcu.externaltools.gnu-tools-for-stm32.10.3-2021.10.win32_1.0.0.202111181127/tools/bin/../lib/gcc/arm-none-eabi/10.3.1/../../../../arm-none-eabi/lib/thumb/v7-m/nofp\libc_nano.a(lib_a-nano-mallocr.o)
 .debug_frame   0x00000000000031dc       0x3c c:/st/stm32cubeide_1.9.0/stm32cubeide/plugins/com.st.stm32cube.ide.mcu.externaltools.gnu-tools-for-stm32.10.3-2021.10.win32_1.0.0.202111181127/tools/bin/../lib/gcc/arm-none-eabi/10.3.1/../../../../arm-none-eabi/lib/thumb/v7-m/nofp\libc_nano.a(lib_a-nano-reallocr.o)
 .debug_frame   0x0000000000003218       0x2c c:/st/stm32cubeide_1.9.0/stm32cubeide/plugins/com.st.stm32cube.ide.mcu.externaltools.gnu-tools-for-stm32.10.3-2021.10.win32_1.0.0.202111181127/tools/bin/../lib/gcc/arm-none-eabi/10.3.1/../../../../arm-none-eabi/lib/thumb/v7-m/nofp\libc_nano.a(lib_a-sbrkr.o)
 .debug_frame   0x0000000000003244       0x30 c:/st/stm32cubeide_1.9.0/stm32cubeide/plugins/com.st.stm32cube.ide.mcu.externaltools.gnu-tools-for-stm32.10.3-2021.10.win32_1.0.0.202111181127/tools/bin/../lib/gcc/arm-none-eabi/10.3.1/../../../../arm-none-eabi/lib/thumb/v7-m/nofp\libc_nano.a(lib_a-mlock.o)
 .debug_frame   0x0000000000003274       0x20 c:/st/stm32cubeide_1.9.0/stm32cubeide/plugins/com.st.stm32cube.ide.mcu.externaltools.gnu-tools-for-stm32.10.3-2021.10.win32_1.0.0.202111181127/tools/bin/../lib/gcc/arm-none-eabi/10.3.1/../../../../arm-none-eabi/lib/thumb/v7-m/nofp\libc_nano.a(lib_a-nano-msizer.o)
 .debug_frame   0x0000000000003294       0x5c c:/st/stm32cubeide_1.9.0/stm32cubeide/plugins/com.st.stm32cube.ide.mcu.externaltools.gnu-tools-for-stm32.10.3-2021.10.win32_1.0.0.202111181127/tools/bin/../lib/gcc/arm-none-eabi/10.3.1/../../../../arm-none-eabi/lib/thumb/v7-m/nofp\libc_nano.a(lib_a-reent.o)
 .debug_frame   0x00000000000032f0       0xb0 c:/st/stm32cubeide_1.9.0/stm32cubeide/plugins/com.st.stm32cube.ide.mcu.externaltools.gnu-tools-for-stm32.10.3-2021.10.win32_1.0.0.202111181127/tools/bin/../lib/gcc/arm-none-eabi/10.3.1/../../../../arm-none-eabi/lib/thumb/v7-m/nofp\libc_nano.a(lib_a-lock.o)
 .debug_frame   0x00000000000033a0       0x30 c:/st/stm32cubeide_1.9.0/stm32cubeide/plugins/com.st.stm32cube.ide.mcu.externaltools.gnu-tools-for-stm32.10.3-2021.10.win32_1.0.0.202111181127/tools/bin/../lib/gcc/arm-none-eabi/10.3.1/thumb/v7-m/nofp\libgcc.a(_arm_muldf3.o)
 .debug_frame   0x00000000000033d0       0xac c:/st/stm32cubeide_1.9.0/stm32cubeide/plugins/com.st.stm32cube.ide.mcu.externaltools.gnu-tools-for-stm32.10.3-2021.10.win32_1.0.0.202111181127/tools/bin/../lib/gcc/arm-none-eabi/10.3.1/thumb/v7-m/nofp\libgcc.a(_arm_addsubdf3.o)
 .debug_frame   0x000000000000347c       0x24 c:/st/stm32cubeide_1.9.0/stm32cubeide/plugins/com.st.stm32cube.ide.mcu.externaltools.gnu-tools-for-stm32.10.3-2021.10.win32_1.0.0.202111181127/tools/bin/../lib/gcc/arm-none-eabi/10.3.1/thumb/v7-m/nofp\libgcc.a(_arm_fixunsdfsi.o)
